Archive member included to satisfy reference by file (symbol)

/Applications/ArmGNUToolchain/15.2.rel1/arm-none-eabi/bin/../lib/gcc/arm-none-eabi/15.2.1/thumb/v6-m/nofp/libgcc.a(_dvmd_tls.o)
                              CMakeFiles/ethanol_node.dir/Users/openinvite/Documents/DashProject/pico-sdk/src/rp2_common/pico_divider/divider_hardware.S.o (__aeabi_idiv0)
/Applications/ArmGNUToolchain/15.2.rel1/arm-none-eabi/bin/../lib/gcc/arm-none-eabi/15.2.1/../../../../arm-none-eabi/lib/thumb/v6-m/nofp/libg.a(libc_a-calloc.o)
                              CMakeFiles/ethanol_node.dir/Users/openinvite/Documents/DashProject/pico-sdk/src/rp2_common/pico_malloc/malloc.c.o (calloc)
/Applications/ArmGNUToolchain/15.2.rel1/arm-none-eabi/bin/../lib/gcc/arm-none-eabi/15.2.1/../../../../arm-none-eabi/lib/thumb/v6-m/nofp/libg.a(libc_a-callocr.o)
                              /Applications/ArmGNUToolchain/15.2.rel1/arm-none-eabi/bin/../lib/gcc/arm-none-eabi/15.2.1/../../../../arm-none-eabi/lib/thumb/v6-m/nofp/libg.a(libc_a-calloc.o) (_calloc_r)
/Applications/ArmGNUToolchain/15.2.rel1/arm-none-eabi/bin/../lib/gcc/arm-none-eabi/15.2.1/../../../../arm-none-eabi/lib/thumb/v6-m/nofp/libg.a(libc_a-malloc.o)
                              CMakeFiles/ethanol_node.dir/Users/openinvite/Documents/DashProject/pico-sdk/src/rp2_common/pico_malloc/malloc.c.o (malloc)
/Applications/ArmGNUToolchain/15.2.rel1/arm-none-eabi/bin/../lib/gcc/arm-none-eabi/15.2.1/../../../../arm-none-eabi/lib/thumb/v6-m/nofp/libg.a(libc_a-mallocr.o)
                              /Applications/ArmGNUToolchain/15.2.rel1/arm-none-eabi/bin/../lib/gcc/arm-none-eabi/15.2.1/../../../../arm-none-eabi/lib/thumb/v6-m/nofp/libg.a(libc_a-callocr.o) (_malloc_r)
/Applications/ArmGNUToolchain/15.2.rel1/arm-none-eabi/bin/../lib/gcc/arm-none-eabi/15.2.1/../../../../arm-none-eabi/lib/thumb/v6-m/nofp/libg.a(libc_a-mlock.o)
                              /Applications/ArmGNUToolchain/15.2.rel1/arm-none-eabi/bin/../lib/gcc/arm-none-eabi/15.2.1/../../../../arm-none-eabi/lib/thumb/v6-m/nofp/libg.a(libc_a-mallocr.o) (__malloc_lock)
/Applications/ArmGNUToolchain/15.2.rel1/arm-none-eabi/bin/../lib/gcc/arm-none-eabi/15.2.1/../../../../arm-none-eabi/lib/thumb/v6-m/nofp/libg.a(libc_a-realloc.o)
                              CMakeFiles/ethanol_node.dir/Users/openinvite/Documents/DashProject/pico-sdk/src/rp2_common/pico_malloc/malloc.c.o (realloc)
/Applications/ArmGNUToolchain/15.2.rel1/arm-none-eabi/bin/../lib/gcc/arm-none-eabi/15.2.1/../../../../arm-none-eabi/lib/thumb/v6-m/nofp/libg.a(libc_a-reallocr.o)
                              /Applications/ArmGNUToolchain/15.2.rel1/arm-none-eabi/bin/../lib/gcc/arm-none-eabi/15.2.1/../../../../arm-none-eabi/lib/thumb/v6-m/nofp/libg.a(libc_a-realloc.o) (_realloc_r)
/Applications/ArmGNUToolchain/15.2.rel1/arm-none-eabi/bin/../lib/gcc/arm-none-eabi/15.2.1/../../../../arm-none-eabi/lib/thumb/v6-m/nofp/libg.a(libc_a-memcmp.o)
                              CMakeFiles/ethanol_node.dir/Users/openinvite/Documents/DashProject/pico-sdk/src/rp2_common/pico_atomic/atomic.c.o (memcmp)
/Applications/ArmGNUToolchain/15.2.rel1/arm-none-eabi/bin/../lib/gcc/arm-none-eabi/15.2.1/../../../../arm-none-eabi/lib/thumb/v6-m/nofp/libg.a(libc_a-memmove.o)
                              /Applications/ArmGNUToolchain/15.2.rel1/arm-none-eabi/bin/../lib/gcc/arm-none-eabi/15.2.1/../../../../arm-none-eabi/lib/thumb/v6-m/nofp/libg.a(libc_a-reallocr.o) (memmove)
/Applications/ArmGNUToolchain/15.2.rel1/arm-none-eabi/bin/../lib/gcc/arm-none-eabi/15.2.1/../../../../arm-none-eabi/lib/thumb/v6-m/nofp/libg.a(libc_a-lcltime_r.o)
                              CMakeFiles/ethanol_node.dir/Users/openinvite/Documents/DashProject/pico-sdk/src/common/pico_util/datetime.c.o (localtime_r)
/Applications/ArmGNUToolchain/15.2.rel1/arm-none-eabi/bin/../lib/gcc/arm-none-eabi/15.2.1/../../../../arm-none-eabi/lib/thumb/v6-m/nofp/libg.a(libc_a-mktime.o)
                              CMakeFiles/ethanol_node.dir/Users/openinvite/Documents/DashProject/pico-sdk/src/common/pico_util/datetime.c.o (mktime)
/Applications/ArmGNUToolchain/15.2.rel1/arm-none-eabi/bin/../lib/gcc/arm-none-eabi/15.2.1/../../../../arm-none-eabi/lib/thumb/v6-m/nofp/libg.a(libc_a-month_lengths.o)
                              /Applications/ArmGNUToolchain/15.2.rel1/arm-none-eabi/bin/../lib/gcc/arm-none-eabi/15.2.1/../../../../arm-none-eabi/lib/thumb/v6-m/nofp/libg.a(libc_a-lcltime_r.o) (__month_lengths)
/Applications/ArmGNUToolchain/15.2.rel1/arm-none-eabi/bin/../lib/gcc/arm-none-eabi/15.2.1/../../../../arm-none-eabi/lib/thumb/v6-m/nofp/libg.a(libc_a-tzcalc_limits.o)
                              /Applications/ArmGNUToolchain/15.2.rel1/arm-none-eabi/bin/../lib/gcc/arm-none-eabi/15.2.1/../../../../arm-none-eabi/lib/thumb/v6-m/nofp/libg.a(libc_a-lcltime_r.o) (__tzcalc_limits)
/Applications/ArmGNUToolchain/15.2.rel1/arm-none-eabi/bin/../lib/gcc/arm-none-eabi/15.2.1/../../../../arm-none-eabi/lib/thumb/v6-m/nofp/libg.a(libc_a-tzlock.o)
[...]
Memory Configuration

Name             Origin             Length             Attributes
FLASH            0x10000000         0x00800000         xr
RAM              0x20000000         0x00040000         xrw
SCRATCH_X        0x20040000         0x00001000         xrw
SCRATCH_Y        0x20041000         0x00001000         xrw
*default*        0x00000000         0xffffffff

Linker script and memory map

LOAD /Applications/ArmGNUToolchain/15.2.rel1/arm-none-eabi/bin/../lib/gcc/arm-none-eabi/15.2.1/thumb/v6-m/nofp/crti.o
LOAD /Applications/ArmGNUToolchain/15.2.rel1/arm-none-eabi/bin/../lib/gcc/arm-none-eabi/15.2.1/thumb/v6-m/nofp/crtbegin.o
LOAD /Applications/ArmGNUToolchain/15.2.rel1/arm-none-eabi/bin/../lib/gcc/arm-none-eabi/15.2.1/../../../../arm-none-eabi/lib/thumb/v6-m/nofp/crt0.o

.flash_begin    0x10000000        0x0
                0x10000000                        __flash_binary_start = .

.boot2          0x10000000      0x100
                0x10000000                        __boot2_start__ = .
 *(.boot2)
 .boot2         0x10000000      0x100 pico-sdk/src/rp2040/boot_stage2/CMakeFiles/bs2_default_library.dir/bs2_default_padded_checksummed.S.o
                0x10000100                        __boot2_end__ = .
                0x00000001                        ASSERT (((__boot2_end__ - __boot2_start__) == 0x100), ERROR: Pico second stage bootloader must be 256 bytes in size)

.text           0x10000100     0x7310
                0x10000100                        __logical_binary_start = .
 *(.vectors)
 .vectors       0x10000100       0xd4 CMakeFiles/ethanol_node.dir/Users/openinvite/Documents/DashProject/pico-sdk/src/rp2_common/pico_crt0/crt0.S.o
                0x10000100                __VECTOR_TABLE
                0x10000100                __vectors
                0x100001c0                isr_irq13
                0x100001c0                isr_irq27
                0x100001c0                isr_irq31
                0x100001c0                isr_irq5
                0x100001c0                isr_irq11
                0x100001c0                isr_irq23
                0x100001c0                isr_irq18
                0x100001c0                isr_irq9
                0x100001c0                __unhandled_user_irq
                0x100001c0                isr_irq25
                0x100001c0                isr_irq4
                0x100001c0                isr_irq16
                0x100001c0                isr_irq29
                0x100001c0                isr_irq26
                0x100001c0                isr_irq3
                0x100001c0                isr_irq12
                0x100001c0                isr_irq30
                0x100001c0                isr_irq28
                0x100001c0                isr_irq19
                0x100001c0                isr_irq0
                0x100001c0                isr_irq6
                0x100001c0                isr_irq22
                0x100001c0                isr_irq17
                0x100001c0                isr_irq14
                0x100001c0                __vectors_end
                0x100001c0                __default_isrs_start
                0x100001c0                isr_irq2
                0x100001c0                isr_irq10
                0x100001c0                isr_irq8
                0x100001c0                isr_irq24
                0x100001c0                isr_irq1
                0x100001c0                isr_irq7
                0x100001c0                isr_irq21
                0x100001c0                isr_irq20
                0x100001c0                isr_irq15
                0x100001c6                unhandled_user_irq_num_in_r0
                0x100001c8                isr_invalid
                0x100001ca                isr_nmi
                0x100001cc                isr_hardfault
                0x100001ce                isr_svcall
                0x100001d0                isr_pendsv
                0x100001d2                isr_systick
                0x100001d4                __default_isrs_end
 *(.binary_info_header)
 .binary_info_header
                0x100001d4       0x14 CMakeFiles/ethanol_node.dir/Users/openinvite/Documents/DashProject/pico-sdk/src/rp2_common/pico_crt0/crt0.S.o
                0x100001e8                        __binary_info_header_end = .
 *(.embedded_block)
                0x100001e8                        __embedded_block_end = .
 *(.reset)
 .reset         0x100001e8       0x9c CMakeFiles/ethanol_node.dir/Users/openinvite/Documents/DashProject/pico-sdk/src/rp2_common/pico_crt0/crt0.S.o
                0x100001e8                _entry_point
 *(.init)
 .init          0x10000284        0x4 /Applications/ArmGNUToolchain/15.2.rel1/arm-none-eabi/bin/../lib/gcc/arm-none-eabi/15.2.1/thumb/v6-m/nofp/crti.o
                0x10000284                _init
 *(EXCLUDE_FILE(*libm.a: *libc.a:*lib_a-mem*.o *libgcc.a:) .text*)
 .text.register_tm_clones
                0x10000288       0x28 /Applications/ArmGNUToolchain/15.2.rel1/arm-none-eabi/bin/../lib/gcc/arm-none-eabi/15.2.1/thumb/v6-m/nofp/crtbegin.o
 .text.frame_dummy
                0x100002b0       0x24 /Applications/ArmGNUToolchain/15.2.rel1/arm-none-eabi/bin/../lib/gcc/arm-none-eabi/15.2.1/thumb/v6-m/nofp/crtbegin.o
 .text.ethanolContentDAC
                0x100002d4       0xac CMakeFiles/ethanol_node.dir/main.c.o
 .text.ethanolContentReader
                0x10000380       0x74 CMakeFiles/ethanol_node.dir/main.c.o
 .text.MeasurePwmSignal
                0x100003f4       0x30 CMakeFiles/ethanol_node.dir/main.c.o
                0x100003f4                MeasurePwmSignal
 .text.vApplicationStackOverflowHook
                0x10000424        0x4 CMakeFiles/ethanol_node.dir/main.c.o
                0x10000424                vApplicationStackOverflowHook
 .text.vApplicationMallocFailedHook
                0x10000428        0x4 CMakeFiles/ethanol_node.dir/main.c.o
                0x10000428                vApplicationMallocFailedHook
 .text.vApplicationTickHook
                0x1000042c        0x4 CMakeFiles/ethanol_node.dir/main.c.o
                0x1000042c                vApplicationTickHook
 .text.startup.main
                0x10000430       0x48 CMakeFiles/ethanol_node.dir/main.c.o
                0x10000430                main
 .text.gpio_default_irq_handler
                0x10000478      0x2c0 CMakeFiles/ethanol_node.dir/Users/openinvite/Documents/DashProject/pico-sdk/src/rp2_common/hardware_gpio/gpio.c.o
 .text.gpio_set_function
                0x10000738       0x30 CMakeFiles/ethanol_node.dir/Users/openinvite/Documents/DashProject/pico-sdk/src/rp2_common/hardware_gpio/gpio.c.o
                0x10000738                gpio_set_function
 .text.gpio_set_pulls
                0x10000768       0x24 CMakeFiles/ethanol_node.dir/Users/openinvite/Documents/DashProject/pico-sdk/src/rp2_common/hardware_gpio/gpio.c.o
                0x10000768                gpio_set_pulls
 .text.gpio_set_irq_enabled_with_callback
                0x1000078c       0xb0 CMakeFiles/ethanol_node.dir/Users/openinvite/Documents/DashProject/pico-sdk/src/rp2_common/hardware_gpio/gpio.c.o
                0x1000078c                gpio_set_irq_enabled_with_callback
 .text.gpio_init
                0x1000083c       0x3c CMakeFiles/ethanol_node.dir/Users/openinvite/Documents/DashProject/pico-sdk/src/rp2_common/hardware_gpio/gpio.c.o
                0x1000083c                gpio_init
 .text.rp2040_chip_version
                0x10000878        0xc CMakeFiles/ethanol_node.dir/Users/openinvite/Documents/DashProject/pico-sdk/src/rp2040/pico_platform/platform.c.o
                0x10000878                rp2040_chip_version
 .text.panic    0x10000884       0x30 CMakeFiles/ethanol_node.dir/Users/openinvite/Documents/DashProject/pico-sdk/src/rp2_common/pico_platform_panic/panic.c.o
                0x10000884                panic
 .text.panic_unsupported
                0x100008b4        0xc CMakeFiles/ethanol_node.dir/Users/openinvite/Documents/DashProject/pico-sdk/src/rp2_common/pico_platform_panic/panic.c.o
                0x100008b4                panic_unsupported
 .text.hw_claim_or_assert
                0x100008c0       0x50 CMakeFiles/ethanol_node.dir/Users/openinvite/Documents/DashProject/pico-sdk/src/common/hardware_claim/claim.c.o
                0x100008c0                hw_claim_or_assert
 .text.hw_claim_unused_from_range
                0x10000910       0x88 CMakeFiles/ethanol_node.dir/Users/openinvite/Documents/DashProject/pico-sdk/src/common/hardware_claim/claim.c.o
                0x10000910                hw_claim_unused_from_range
 .text.next_striped_spin_lock_num
                0x10000998       0x18 CMakeFiles/ethanol_node.dir/Users/openinvite/Documents/DashProject/pico-sdk/src/rp2_common/hardware_sync/sync.c.o
                0x10000998                next_striped_spin_lock_num
 .text.spin_lock_claim_unused
                0x100009b0       0x20 CMakeFiles/ethanol_node.dir/Users/openinvite/Documents/DashProject/pico-sdk/src/rp2_common/hardware_sync/sync.c.o
                0x100009b0                spin_lock_claim_unused
 .text.spin_locks_reset
                0x100009d0       0x1c CMakeFiles/ethanol_node.dir/Users/openinvite/Documents/DashProject/pico-sdk/src/rp2_common/hardware_sync_spin_lock/sync_spin_lock.c.o
                0x100009d0                spin_locks_reset
 .text.runtime_init_per_core_irq_priorities
                0x100009ec       0x48 CMakeFiles/ethanol_node.dir/Users/openinvite/Documents/DashProject/pico-sdk/src/rp2_common/hardware_irq/irq.c.o
                0x100009ec                runtime_init_per_core_irq_priorities
 .text.irq_set_enabled
                0x10000a34       0x24 CMakeFiles/ethanol_node.dir/Users/openinvite/Documents/DashProject/pico-sdk/src/rp2_common/hardware_irq/irq.c.o
                0x10000a34                irq_set_enabled
 .text.irq_is_enabled
                0x10000a58       0x18 CMakeFiles/ethanol_node.dir/Users/openinvite/Documents/DashProject/pico-sdk/src/rp2_common/hardware_irq/irq.c.o
                0x10000a58                irq_is_enabled
 .text.irq_set_pending
                0x10000a70       0x10 CMakeFiles/ethanol_node.dir/Users/openinvite/Documents/DashProject/pico-sdk/src/rp2_common/hardware_irq/irq.c.o
                0x10000a70                irq_set_pending
 .text.irq_has_shared_handler
                0x10000a80       0x20 CMakeFiles/ethanol_node.dir/Users/openinvite/Documents/DashProject/pico-sdk/src/rp2_common/hardware_irq/irq.c.o
                0x10000a80                irq_has_shared_handler
 .text.irq_set_exclusive_handler
                0x10000aa0       0x54 CMakeFiles/ethanol_node.dir/Users/openinvite/Documents/DashProject/pico-sdk/src/rp2_common/hardware_irq/irq.c.o
                0x10000aa0                irq_set_exclusive_handler
 .text.irq_add_shared_handler
                0x10000af4      0x1cc CMakeFiles/ethanol_node.dir/Users/openinvite/Documents/DashProject/pico-sdk/src/rp2_common/hardware_irq/irq.c.o
                0x10000af4                irq_add_shared_handler
 .text.irq_remove_handler
                0x10000cc0      0x1c8 CMakeFiles/ethanol_node.dir/Users/openinvite/Documents/DashProject/pico-sdk/src/rp2_common/hardware_irq/irq.c.o
                0x10000cc0                irq_remove_handler
 .text.irq_set_priority
                0x10000e88       0x28 CMakeFiles/ethanol_node.dir/Users/openinvite/Documents/DashProject/pico-sdk/src/rp2_common/hardware_irq/irq.c.o
                0x10000e88                irq_set_priority
 .text.irq_add_tail_to_free_list
                0x10000eb0       0xb4 CMakeFiles/ethanol_node.dir/Users/openinvite/Documents/DashProject/pico-sdk/src/rp2_common/hardware_irq/irq.c.o
                0x10000eb0                irq_add_tail_to_free_list
 .text.user_irq_claim_unused
                0x10000f64       0x28 CMakeFiles/ethanol_node.dir/Users/openinvite/Documents/DashProject/pico-sdk/src/rp2_common/hardware_irq/irq.c.o
                0x10000f64                user_irq_claim_unused
 .text.lock_init
                0x10000f8c       0x10 CMakeFiles/ethanol_node.dir/Users/openinvite/Documents/DashProject/pico-sdk/src/common/pico_sync/lock_core.c.o
                0x10000f8c                lock_init
 .text.runtime_init_mutex
                0x10000f9c       0x54 CMakeFiles/ethanol_node.dir/Users/openinvite/Documents/DashProject/pico-sdk/src/common/pico_sync/mutex.c.o
                0x10000f9c                runtime_init_mutex
 .text.mutex_init
                0x10000ff0       0x1c CMakeFiles/ethanol_node.dir/Users/openinvite/Documents/DashProject/pico-sdk/src/common/pico_sync/mutex.c.o
                0x10000ff0                mutex_init
 .text.critical_section_init
                0x1000100c       0x1c CMakeFiles/ethanol_node.dir/Users/openinvite/Documents/DashProject/pico-sdk/src/common/pico_sync/critical_section.c.o
                0x1000100c                critical_section_init
 .text.critical_section_init_with_lock_num
                0x10001028       0x14 CMakeFiles/ethanol_node.dir/Users/openinvite/Documents/DashProject/pico-sdk/src/common/pico_sync/critical_section.c.o
                0x10001028                critical_section_init_with_lock_num
 .text.alarm_pool_irq_handler
                0x1000103c      0x2f4 CMakeFiles/ethanol_node.dir/Users/openinvite/Documents/DashProject/pico-sdk/src/common/pico_time/time.c.o
 .text.sleep_until_callback
                0x10001330       0x24 CMakeFiles/ethanol_node.dir/Users/openinvite/Documents/DashProject/pico-sdk/src/common/pico_time/time.c.o
 .text.runtime_init_default_alarm_pool
                0x10001354       0xd8 CMakeFiles/ethanol_node.dir/Users/openinvite/Documents/DashProject/pico-sdk/src/common/pico_time/time.c.o
                0x10001354                runtime_init_default_alarm_pool
 .text.alarm_pool_get_default
                0x1000142c        0x8 CMakeFiles/ethanol_node.dir/Users/openinvite/Documents/DashProject/pico-sdk/src/common/pico_time/time.c.o
                0x1000142c                alarm_pool_get_default
 .text.alarm_pool_add_alarm_at
                0x10001434       0xcc CMakeFiles/ethanol_node.dir/Users/openinvite/Documents/DashProject/pico-sdk/src/common/pico_time/time.c.o
                0x10001434                alarm_pool_add_alarm_at
 .text.alarm_pool_add_alarm_at_force_in_context
                0x10001500       0xbc CMakeFiles/ethanol_node.dir/Users/openinvite/Documents/DashProject/pico-sdk/src/common/pico_time/time.c.o
                0x10001500                alarm_pool_add_alarm_at_force_in_context
 .text.alarm_pool_cancel_alarm
                0x100015bc       0x74 CMakeFiles/ethanol_node.dir/Users/openinvite/Documents/DashProject/pico-sdk/src/common/pico_time/time.c.o
                0x100015bc                alarm_pool_cancel_alarm
 .text.alarm_pool_core_num
                0x10001630        0x4 CMakeFiles/ethanol_node.dir/Users/openinvite/Documents/DashProject/pico-sdk/src/common/pico_time/time.c.o
                0x10001630                alarm_pool_core_num
 .text.best_effort_wfe_or_timeout
                0x10001634      0x100 CMakeFiles/ethanol_node.dir/Users/openinvite/Documents/DashProject/pico-sdk/src/common/pico_time/time.c.o
                0x10001634                best_effort_wfe_or_timeout
 .text.timer_hardware_alarm_claim
                0x10001734       0x14 CMakeFiles/ethanol_node.dir/Users/openinvite/Documents/DashProject/pico-sdk/src/rp2_common/hardware_timer/timer.c.o
                0x10001734                timer_hardware_alarm_claim
 .text.timer_time_us_64
                0x10001748       0x10 CMakeFiles/ethanol_node.dir/Users/openinvite/Documents/DashProject/pico-sdk/src/rp2_common/hardware_timer/timer.c.o
                0x10001748                timer_time_us_64
 .text.time_us_64
                0x10001758       0x14 CMakeFiles/ethanol_node.dir/Users/openinvite/Documents/DashProject/pico-sdk/src/rp2_common/hardware_timer/timer.c.o
                0x10001758                time_us_64
 .text.clock_configure_int_divider
                0x1000176c       0xec CMakeFiles/ethanol_node.dir/Users/openinvite/Documents/DashProject/pico-sdk/src/rp2_common/hardware_clocks/clocks.c.o
                0x1000176c                clock_configure_int_divider
 .text.clock_configure_undivided
                0x10001858       0xe0 CMakeFiles/ethanol_node.dir/Users/openinvite/Documents/DashProject/pico-sdk/src/rp2_common/hardware_clocks/clocks.c.o
                0x10001858                clock_configure_undivided
 .text.clock_get_hz
                0x10001938        0xc CMakeFiles/ethanol_node.dir/Users/openinvite/Documents/DashProject/pico-sdk/src/rp2_common/hardware_clocks/clocks.c.o
                0x10001938                clock_get_hz
 .text.pll_init
                0x10001944       0xb0 CMakeFiles/ethanol_node.dir/Users/openinvite/Documents/DashProject/pico-sdk/src/rp2_common/hardware_pll/pll.c.o
                0x10001944                pll_init
 .text.watchdog_reboot
                0x100019f4       0x9c CMakeFiles/ethanol_node.dir/Users/openinvite/Documents/DashProject/pico-sdk/src/rp2_common/hardware_watchdog/watchdog.c.o
                0x100019f4                watchdog_reboot
 .text.tick_start
                0x10001a90       0x10 CMakeFiles/ethanol_node.dir/Users/openinvite/Documents/DashProject/pico-sdk/src/rp2_common/hardware_ticks/ticks.c.o
                0x10001a90                tick_start
 .text.rom_func_lookup
                0x10001aa0       0x10 CMakeFiles/ethanol_node.dir/Users/openinvite/Documents/DashProject/pico-sdk/src/rp2_common/pico_bootrom/bootrom.c.o
                0x10001aa0                rom_func_lookup
 .text.rom_data_lookup
                0x10001ab0       0x10 CMakeFiles/ethanol_node.dir/Users/openinvite/Documents/DashProject/pico-sdk/src/rp2_common/pico_bootrom/bootrom.c.o
                0x10001ab0                rom_data_lookup
 .text.rom_funcs_lookup
                0x10001ac0       0x44 CMakeFiles/ethanol_node.dir/Users/openinvite/Documents/DashProject/pico-sdk/src/rp2_common/pico_bootrom/bootrom.c.o
                0x10001ac0                rom_funcs_lookup
 .text.rom_reset_usb_boot_extra
                0x10001b04       0x24 CMakeFiles/ethanol_node.dir/Users/openinvite/Documents/DashProject/pico-sdk/src/rp2_common/pico_bootrom/bootrom.c.o
                0x10001b04                rom_reset_usb_boot_extra
 .text.xosc_init
                0x10001b28       0x28 CMakeFiles/ethanol_node.dir/Users/openinvite/Documents/DashProject/pico-sdk/src/rp2_common/hardware_xosc/xosc.c.o
                0x10001b28                xosc_init
 .text.first_per_core_initializer
                0x10001b50        0x4 CMakeFiles/ethanol_node.dir/Users/openinvite/Documents/DashProject/pico-sdk/src/rp2_common/pico_runtime/runtime.c.o
 .text.hard_assertion_failure
                0x10001b54        0xc CMakeFiles/ethanol_node.dir/Users/openinvite/Documents/DashProject/pico-sdk/src/rp2_common/pico_runtime/runtime.c.o
                0x10001b54                hard_assertion_failure
 .text.runtime_run_initializers
                0x10001b60       0x28 CMakeFiles/ethanol_node.dir/Users/openinvite/Documents/DashProject/pico-sdk/src/rp2_common/pico_runtime/runtime.c.o
                0x10001b60                runtime_run_initializers
 .text.runtime_init_early_resets
                0x10001b88       0x2c CMakeFiles/ethanol_node.dir/Users/openinvite/Documents/DashProject/pico-sdk/src/rp2_common/pico_runtime_init/runtime_init.c.o
                0x10001b88                runtime_init_early_resets
 .text.runtime_init_usb_power_down
                0x10001bb4       0x1c CMakeFiles/ethanol_node.dir/Users/openinvite/Documents/DashProject/pico-sdk/src/rp2_common/pico_runtime_init/runtime_init.c.o
                0x10001bb4                runtime_init_usb_power_down
 .text.runtime_init_post_clock_resets
                0x10001bd0       0x20 CMakeFiles/ethanol_node.dir/Users/openinvite/Documents/DashProject/pico-sdk/src/rp2_common/pico_runtime_init/runtime_init.c.o
                0x10001bd0                runtime_init_post_clock_resets
 .text.runtime_init_rp2040_gpio_ie_disable
                0x10001bf0       0x14 CMakeFiles/ethanol_node.dir/Users/openinvite/Documents/DashProject/pico-sdk/src/rp2_common/pico_runtime_init/runtime_init.c.o
                0x10001bf0                runtime_init_rp2040_gpio_ie_disable
 .text.runtime_init_spin_locks_reset
                0x10001c04        0x8 CMakeFiles/ethanol_node.dir/Users/openinvite/Documents/DashProject/pico-sdk/src/rp2_common/pico_runtime_init/runtime_init.c.o
                0x10001c04                runtime_init_spin_locks_reset
 .text.runtime_init_install_ram_vector_table
                0x10001c0c       0xb8 CMakeFiles/ethanol_node.dir/Users/openinvite/Documents/DashProject/pico-sdk/src/rp2_common/pico_runtime_init/runtime_init.c.o
                0x10001c0c                runtime_init_install_ram_vector_table
 .text.runtime_init_clocks
                0x10001cc4       0xd8 CMakeFiles/ethanol_node.dir/Users/openinvite/Documents/DashProject/pico-sdk/src/rp2_common/pico_runtime_init/runtime_init_clocks.c.o
                0x10001cc4                runtime_init_clocks
 .text          0x10001d9c       0x10 CMakeFiles/ethanol_node.dir/Users/openinvite/Documents/DashProject/pico-sdk/src/rp2_common/pico_bit_ops/bit_ops_aeabi.S.o
 .text.__wrap___aeabi_uidiv
                0x10001dac       0x4c CMakeFiles/ethanol_node.dir/Users/openinvite/Documents/DashProject/pico-sdk/src/rp2_common/pico_divider/divider_hardware.S.o
                0x10001dac                __wrap___aeabi_uidiv
                0x10001dac                __wrap___aeabi_uidivmod
                0x10001dac                div_u32u32
                0x10001dac                divmod_u32u32
                0x10001db4                divmod_u32u32_unsafe
                0x10001ddc                divmod_u32u32_savestate
 .text.__wrap___aeabi_ldiv
                0x10001df8      0x424 CMakeFiles/ethanol_node.dir/Users/openinvite/Documents/DashProject/pico-sdk/src/rp2_common/pico_divider/divider_hardware.S.o
                0x10001df8                __wrap___aeabi_ldivmod
                0x10001df8                div_s64s64
                0x10001df8                divmod_s64s64
                0x10001e28                divmod_u64u64
                0x10001e28                div_u64u64
                0x10001e28                __wrap___aeabi_uldivmod
                0x10001e38                divmod_u64u64_savestate
                0x10001e58                divmod_s64s64_unsafe
                0x10001ee0                divmod_u64u64_unsafe
 .text.__wrap___aeabi_d2uiz
                0x1000221c       0x10 CMakeFiles/ethanol_node.dir/Users/openinvite/Documents/DashProject/pico-sdk/src/rp2_common/pico_double/double_aeabi_rp2040.S.o
                0x1000221c                double2uint_z
                0x1000221c                double2uint
                0x1000221c                __wrap___aeabi_d2uiz
 .text.missing_double_func_shim
                0x1000222c        0xc CMakeFiles/ethanol_node.dir/Users/openinvite/Documents/DashProject/pico-sdk/src/rp2_common/pico_double/double_init_rom_rp2040.c.o
 .text.__aeabi_double_init
                0x10002238       0xa0 CMakeFiles/ethanol_node.dir/Users/openinvite/Documents/DashProject/pico-sdk/src/rp2_common/pico_double/double_init_rom_rp2040.c.o
                0x10002238                __aeabi_double_init
 .text.__wrap_round
                0x100022d8       0xa8 CMakeFiles/ethanol_node.dir/Users/openinvite/Documents/DashProject/pico-sdk/src/rp2_common/pico_double/double_math.c.o
                0x100022d8                __wrap_round
 .text.double_table_shim_on_use_helper
                0x10002380       0x2c CMakeFiles/ethanol_node.dir/Users/openinvite/Documents/DashProject/pico-sdk/src/rp2_common/pico_double/double_v1_rom_shim_rp2040.S.o
                0x10002380                double_table_shim_on_use_helper
 .text.__aeabi_lmul
                0x100023ac       0x32 CMakeFiles/ethanol_node.dir/Users/openinvite/Documents/DashProject/pico-sdk/src/rp2_common/pico_int64_ops/pico_int64_ops_aeabi.S.o
                0x100023ac                __wrap___aeabi_lmul
 *fill*         0x100023de        0x2 
 .text.__wrap___aeabi_farithmetic
                0x100023e0       0x48 CMakeFiles/ethanol_node.dir/Users/openinvite/Documents/DashProject/pico-sdk/src/rp2_common/pico_float/float_aeabi_rp2040.S.o
                0x100023e0                __wrap___aeabi_frsub
                0x100023e6                __wrap___aeabi_fsub
                0x100023ec                __wrap___aeabi_fadd
                0x100023f2                __wrap___aeabi_fdiv
                0x1000241a                __wrap___aeabi_fmul
 .text.__wrap___aeabi_ui2f
                0x10002428        0xa CMakeFiles/ethanol_node.dir/Users/openinvite/Documents/DashProject/pico-sdk/src/rp2_common/pico_float/float_aeabi_rp2040.S.o
                0x10002428                uint2float
                0x10002428                __wrap___aeabi_ui2f
 *fill*         0x10002432        0x2 
 .text.__wrap___aeabi_i2f
                0x10002434       0x44 CMakeFiles/ethanol_node.dir/Users/openinvite/Documents/DashProject/pico-sdk/src/rp2_common/pico_float/float_aeabi_rp2040.S.o
                0x10002434                int2float
                0x10002434                __wrap___aeabi_i2f
 .text.__wrap___aeabi_f2d
                0x10002478        0xc CMakeFiles/ethanol_node.dir/Users/openinvite/Documents/DashProject/pico-sdk/src/rp2_common/pico_float/float_aeabi_rp2040.S.o
                0x10002478                __wrap___aeabi_f2d
 .text.missing_float_func_shim
                0x10002484        0xc CMakeFiles/ethanol_node.dir/Users/openinvite/Documents/DashProject/pico-sdk/src/rp2_common/pico_float/float_init_rom_rp2040.c.o
 .text.__aeabi_float_init
                0x10002490       0x60 CMakeFiles/ethanol_node.dir/Users/openinvite/Documents/DashProject/pico-sdk/src/rp2_common/pico_float/float_init_rom_rp2040.c.o
                0x10002490                __aeabi_float_init
 .text          0x100024f0       0x10 CMakeFiles/ethanol_node.dir/Users/openinvite/Documents/DashProject/pico-sdk/src/rp2_common/pico_mem_ops/mem_ops_aeabi.S.o
                0x100024f0                __aeabi_mem_init
 .text.memset   0x10002500        0xc CMakeFiles/ethanol_node.dir/Users/openinvite/Documents/DashProject/pico-sdk/src/rp2_common/pico_mem_ops/mem_ops_aeabi.S.o
                0x10002500                __wrap_memset
 .text.memcpy   0x1000250c        0xc CMakeFiles/ethanol_node.dir/Users/openinvite/Documents/DashProject/pico-sdk/src/rp2_common/pico_mem_ops/mem_ops_aeabi.S.o
                0x1000250c                __wrap___aeabi_memcpy
                0x1000250c                __wrap_memcpy
 .text._out_char
                0x10002518       0x10 CMakeFiles/ethanol_node.dir/Users/openinvite/Documents/DashProject/pico-sdk/src/rp2_common/pico_printf/printf.c.o
 .text.weak_raw_vprintf
                0x10002528       0x30 CMakeFiles/ethanol_node.dir/Users/openinvite/Documents/DashProject/pico-sdk/src/rp2_common/pico_printf/printf.c.o
                0x10002528                weak_raw_vprintf
 .text._exit    0x10002558        0x4 CMakeFiles/ethanol_node.dir/Users/openinvite/Documents/DashProject/pico-sdk/src/rp2_common/pico_clib_interface/newlib_interface.c.o
                0x10002558                _exit
 .text.exit     0x1000255c        0x8 CMakeFiles/ethanol_node.dir/Users/openinvite/Documents/DashProject/pico-sdk/src/rp2_common/pico_clib_interface/newlib_interface.c.o
                0x1000255c                exit
 .text.runtime_init
                0x10002564       0x2c CMakeFiles/ethanol_node.dir/Users/openinvite/Documents/DashProject/pico-sdk/src/rp2_common/pico_clib_interface/newlib_interface.c.o
                0x10002564                runtime_init
 .text.stdio_out_chars_no_crlf
                0x10002590       0x10 CMakeFiles/ethanol_node.dir/Users/openinvite/Documents/DashProject/pico-sdk/src/rp2_common/pico_stdio/stdio.c.o
 .text.stdio_out_chars_crlf
                0x100025a0       0x90 CMakeFiles/ethanol_node.dir/Users/openinvite/Documents/DashProject/pico-sdk/src/rp2_common/pico_stdio/stdio.c.o
 .text.stdio_put_string
                0x10002630       0xf4 CMakeFiles/ethanol_node.dir/Users/openinvite/Documents/DashProject/pico-sdk/src/rp2_common/pico_stdio/stdio.c.o
                0x10002630                stdio_put_string
 .text.stdio_set_driver_enabled
                0x10002724       0x30 CMakeFiles/ethanol_node.dir/Users/openinvite/Documents/DashProject/pico-sdk/src/rp2_common/pico_stdio/stdio.c.o
                0x10002724                stdio_set_driver_enabled
 .text.stdio_init_all
                0x10002754        0x8 CMakeFiles/ethanol_node.dir/Users/openinvite/Documents/DashProject/pico-sdk/src/rp2_common/pico_stdio/stdio.c.o
                0x10002754                stdio_init_all
 .text.__wrap_putchar
                0x1000275c       0x94 CMakeFiles/ethanol_node.dir/Users/openinvite/Documents/DashProject/pico-sdk/src/rp2_common/pico_stdio/stdio.c.o
                0x1000275c                stdio_putchar
                0x1000275c                __wrap_putchar
 .text.__wrap_puts
                0x100027f0       0x3c CMakeFiles/ethanol_node.dir/Users/openinvite/Documents/DashProject/pico-sdk/src/rp2_common/pico_stdio/stdio.c.o
                0x100027f0                __wrap_puts
                0x100027f0                stdio_puts
 .text.resetd_init
                0x1000282c        0x4 CMakeFiles/ethanol_node.dir/Users/openinvite/Documents/DashProject/pico-sdk/src/rp2_common/pico_stdio_usb/reset_interface.c.o
 .text.resetd_reset
                0x10002830        0xc CMakeFiles/ethanol_node.dir/Users/openinvite/Documents/DashProject/pico-sdk/src/rp2_common/pico_stdio_usb/reset_interface.c.o
 .text.resetd_open
                0x1000283c       0x28 CMakeFiles/ethanol_node.dir/Users/openinvite/Documents/DashProject/pico-sdk/src/rp2_common/pico_stdio_usb/reset_interface.c.o
 .text.resetd_xfer_cb
                0x10002864        0x4 CMakeFiles/ethanol_node.dir/Users/openinvite/Documents/DashProject/pico-sdk/src/rp2_common/pico_stdio_usb/reset_interface.c.o
 .text.resetd_control_xfer_cb
                0x10002868       0x54 CMakeFiles/ethanol_node.dir/Users/openinvite/Documents/DashProject/pico-sdk/src/rp2_common/pico_stdio_usb/reset_interface.c.o
 .text.tud_descriptor_bos_cb
                0x100028bc        0x8 CMakeFiles/ethanol_node.dir/Users/openinvite/Documents/DashProject/pico-sdk/src/rp2_common/pico_stdio_usb/reset_interface.c.o
                0x100028bc                tud_descriptor_bos_cb
 .text.tud_vendor_control_xfer_cb
                0x100028c4       0x38 CMakeFiles/ethanol_node.dir/Users/openinvite/Documents/DashProject/pico-sdk/src/rp2_common/pico_stdio_usb/reset_interface.c.o
                0x100028c4                tud_vendor_control_xfer_cb
 .text.usbd_app_driver_get_cb
                0x100028fc        0xc CMakeFiles/ethanol_node.dir/Users/openinvite/Documents/DashProject/pico-sdk/src/rp2_common/pico_stdio_usb/reset_interface.c.o
                0x100028fc                usbd_app_driver_get_cb
 .text.tud_cdc_line_coding_cb
                0x10002908       0x2c CMakeFiles/ethanol_node.dir/Users/openinvite/Documents/DashProject/pico-sdk/src/rp2_common/pico_stdio_usb/reset_interface.c.o
                0x10002908                tud_cdc_line_coding_cb
 .text.stdio_usb_set_chars_available_callback
                0x10002934       0x14 CMakeFiles/ethanol_node.dir/Users/openinvite/Documents/DashProject/pico-sdk/src/rp2_common/pico_stdio_usb/stdio_usb.c.o
                0x10002934                stdio_usb_set_chars_available_callback
 .text.usb_irq  0x10002948       0x10 CMakeFiles/ethanol_node.dir/Users/openinvite/Documents/DashProject/pico-sdk/src/rp2_common/pico_stdio_usb/stdio_usb.c.o
 .text.timer_task
                0x10002958       0x64 CMakeFiles/ethanol_node.dir/Users/openinvite/Documents/DashProject/pico-sdk/src/rp2_common/pico_stdio_usb/stdio_usb.c.o
 .text.stdio_usb_in_chars
                0x100029bc       0x8c CMakeFiles/ethanol_node.dir/Users/openinvite/Documents/DashProject/pico-sdk/src/rp2_common/pico_stdio_usb/stdio_usb.c.o
                0x100029bc                stdio_usb_in_chars
 .text.stdio_usb_out_flush
                0x10002a48       0x4c CMakeFiles/ethanol_node.dir/Users/openinvite/Documents/DashProject/pico-sdk/src/rp2_common/pico_stdio_usb/stdio_usb.c.o
 .text.stdio_usb_out_chars
                0x10002a94       0xf8 CMakeFiles/ethanol_node.dir/Users/openinvite/Documents/DashProject/pico-sdk/src/rp2_common/pico_stdio_usb/stdio_usb.c.o
 .text.low_priority_worker_irq
                0x10002b8c       0xc4 CMakeFiles/ethanol_node.dir/Users/openinvite/Documents/DashProject/pico-sdk/src/rp2_common/pico_stdio_usb/stdio_usb.c.o
 .text.stdio_usb_init
                0x10002c50       0xe4 CMakeFiles/ethanol_node.dir/Users/openinvite/Documents/DashProject/pico-sdk/src/rp2_common/pico_stdio_usb/stdio_usb.c.o
                0x10002c50                stdio_usb_init
 .text.tud_descriptor_device_cb
                0x10002d34        0x8 CMakeFiles/ethanol_node.dir/Users/openinvite/Documents/DashProject/pico-sdk/src/rp2_common/pico_stdio_usb/stdio_usb_descriptors.c.o
                0x10002d34                tud_descriptor_device_cb
 .text.tud_descriptor_configuration_cb
                0x10002d3c        0x8 CMakeFiles/ethanol_node.dir/Users/openinvite/Documents/DashProject/pico-sdk/src/rp2_common/pico_stdio_usb/stdio_usb_descriptors.c.o
                0x10002d3c                tud_descriptor_configuration_cb
 .text.tud_descriptor_string_cb
                0x10002d44       0x70 CMakeFiles/ethanol_node.dir/Users/openinvite/Documents/DashProject/pico-sdk/src/rp2_common/pico_stdio_usb/stdio_usb_descriptors.c.o
                0x10002d44                tud_descriptor_string_cb
 .text.startup._retrieve_unique_id_on_boot
                0x10002db4       0x10 CMakeFiles/ethanol_node.dir/Users/openinvite/Documents/DashProject/pico-sdk/src/rp2_common/pico_unique_id/unique_id.c.o
 .text.pico_get_unique_board_id_string
                0x10002dc4      0x1e0 CMakeFiles/ethanol_node.dir/Users/openinvite/Documents/DashProject/pico-sdk/src/rp2_common/pico_unique_id/unique_id.c.o
                0x10002dc4                pico_get_unique_board_id_string
 .text.flash_get_unique_id
                0x10002fa4       0x3c CMakeFiles/ethanol_node.dir/Users/openinvite/Documents/DashProject/pico-sdk/src/rp2_common/hardware_flash/flash.c.o
                0x10002fa4                flash_get_unique_id
 .text.dcd_init
                0x10002fe0       0x90 CMakeFiles/ethanol_node.dir/Users/openinvite/Documents/DashProject/pico-sdk/lib/tinyusb/src/portable/raspberrypi/rp2040/dcd_rp2040.c.o
                0x10002fe0                dcd_init
 .text.dcd_int_enable
                0x10003070        0xc CMakeFiles/ethanol_node.dir/Users/openinvite/Documents/DashProject/pico-sdk/lib/tinyusb/src/portable/raspberrypi/rp2040/dcd_rp2040.c.o
                0x10003070                dcd_int_enable
 .text.dcd_set_address
                0x1000307c       0x14 CMakeFiles/ethanol_node.dir/Users/openinvite/Documents/DashProject/pico-sdk/lib/tinyusb/src/portable/raspberrypi/rp2040/dcd_rp2040.c.o
                0x1000307c                dcd_set_address
 .text.dcd_sof_enable
                0x10003090       0x1c CMakeFiles/ethanol_node.dir/Users/openinvite/Documents/DashProject/pico-sdk/lib/tinyusb/src/portable/raspberrypi/rp2040/dcd_rp2040.c.o
                0x10003090                dcd_sof_enable
 .text.dcd_edpt0_status_complete
                0x100030ac       0x1c CMakeFiles/ethanol_node.dir/Users/openinvite/Documents/DashProject/pico-sdk/lib/tinyusb/src/portable/raspberrypi/rp2040/dcd_rp2040.c.o
                0x100030ac                dcd_edpt0_status_complete
 .text.dcd_edpt_open
                0x100030c8      0x114 CMakeFiles/ethanol_node.dir/Users/openinvite/Documents/DashProject/pico-sdk/lib/tinyusb/src/portable/raspberrypi/rp2040/dcd_rp2040.c.o
                0x100030c8                dcd_edpt_open
 .text.dcd_edpt_close_all
                0x100031dc        0x8 CMakeFiles/ethanol_node.dir/Users/openinvite/Documents/DashProject/pico-sdk/lib/tinyusb/src/portable/raspberrypi/rp2040/dcd_rp2040.c.o
                0x100031dc                dcd_edpt_close_all
 .text.dcd_edpt_xfer
                0x100031e4       0x24 CMakeFiles/ethanol_node.dir/Users/openinvite/Documents/DashProject/pico-sdk/lib/tinyusb/src/portable/raspberrypi/rp2040/dcd_rp2040.c.o
                0x100031e4                dcd_edpt_xfer
 .text.dcd_edpt_stall
                0x10003208       0x3c CMakeFiles/ethanol_node.dir/Users/openinvite/Documents/DashProject/pico-sdk/lib/tinyusb/src/portable/raspberrypi/rp2040/dcd_rp2040.c.o
                0x10003208                dcd_edpt_stall
 .text.dcd_edpt_clear_stall
                0x10003244       0x30 CMakeFiles/ethanol_node.dir/Users/openinvite/Documents/DashProject/pico-sdk/lib/tinyusb/src/portable/raspberrypi/rp2040/dcd_rp2040.c.o
                0x10003244                dcd_edpt_clear_stall
 .text.rp2040_usb_init
                0x10003274       0x40 CMakeFiles/ethanol_node.dir/Users/openinvite/Documents/DashProject/pico-sdk/lib/tinyusb/src/portable/raspberrypi/rp2040/rp2040_usb.c.o
                0x10003274                rp2040_usb_init
 .text.hw_endpoint_xfer_start
                0x100032b4       0x40 CMakeFiles/ethanol_node.dir/Users/openinvite/Documents/DashProject/pico-sdk/lib/tinyusb/src/portable/raspberrypi/rp2040/rp2040_usb.c.o
                0x100032b4                hw_endpoint_xfer_start
 .text.tud_event_hook_cb
                0x100032f4        0x4 CMakeFiles/ethanol_node.dir/Users/openinvite/Documents/DashProject/pico-sdk/lib/tinyusb/src/device/usbd.c.o
                0x100032f4                tud_event_hook_cb
 .text.tud_sof_cb
                0x100032f8        0x4 CMakeFiles/ethanol_node.dir/Users/openinvite/Documents/DashProject/pico-sdk/lib/tinyusb/src/device/usbd.c.o
                0x100032f8                tud_sof_cb
 .text.tud_descriptor_device_qualifier_cb
                0x100032fc        0x4 CMakeFiles/ethanol_node.dir/Users/openinvite/Documents/DashProject/pico-sdk/lib/tinyusb/src/device/usbd.c.o
                0x100032fc                tud_descriptor_device_qualifier_cb
 .text.tud_descriptor_other_speed_configuration_cb
                0x10003300        0x4 CMakeFiles/ethanol_node.dir/Users/openinvite/Documents/DashProject/pico-sdk/lib/tinyusb/src/device/usbd.c.o
                0x10003300                tud_descriptor_other_speed_configuration_cb
 .text.tud_mount_cb
                0x10003304        0x4 CMakeFiles/ethanol_node.dir/Users/openinvite/Documents/DashProject/pico-sdk/lib/tinyusb/src/device/usbd.c.o
                0x10003304                tud_mount_cb
 .text.tud_umount_cb
                0x10003308        0x4 CMakeFiles/ethanol_node.dir/Users/openinvite/Documents/DashProject/pico-sdk/lib/tinyusb/src/device/usbd.c.o
                0x10003308                tud_umount_cb
 .text.tud_suspend_cb
                0x1000330c        0x4 CMakeFiles/ethanol_node.dir/Users/openinvite/Documents/DashProject/pico-sdk/lib/tinyusb/src/device/usbd.c.o
                0x1000330c                tud_suspend_cb
 .text.tud_resume_cb
                0x10003310        0x4 CMakeFiles/ethanol_node.dir/Users/openinvite/Documents/DashProject/pico-sdk/lib/tinyusb/src/device/usbd.c.o
                0x10003310                tud_resume_cb
 .text.tud_mounted
                0x10003314       0x10 CMakeFiles/ethanol_node.dir/Users/openinvite/Documents/DashProject/pico-sdk/lib/tinyusb/src/device/usbd.c.o
                0x10003314                tud_mounted
 .text.tud_suspended
                0x10003324       0x10 CMakeFiles/ethanol_node.dir/Users/openinvite/Documents/DashProject/pico-sdk/lib/tinyusb/src/device/usbd.c.o
                0x10003324                tud_suspended
 .text.tud_rhport_init
                0x10003334       0xf0 CMakeFiles/ethanol_node.dir/Users/openinvite/Documents/DashProject/pico-sdk/lib/tinyusb/src/device/usbd.c.o
                0x10003334                tud_rhport_init
 .text.tud_task_ext
                0x10003424      0x7fc CMakeFiles/ethanol_node.dir/Users/openinvite/Documents/DashProject/pico-sdk/lib/tinyusb/src/device/usbd.c.o
                0x10003424                tud_task_ext
 .text.usbd_open_edpt_pair
                0x10003c20       0x98 CMakeFiles/ethanol_node.dir/Users/openinvite/Documents/DashProject/pico-sdk/lib/tinyusb/src/device/usbd.c.o
                0x10003c20                usbd_open_edpt_pair
 .text.usbd_edpt_open
                0x10003cb8       0x34 CMakeFiles/ethanol_node.dir/Users/openinvite/Documents/DashProject/pico-sdk/lib/tinyusb/src/device/usbd.c.o
                0x10003cb8                usbd_edpt_open
 .text.usbd_edpt_claim
                0x10003cec       0x28 CMakeFiles/ethanol_node.dir/Users/openinvite/Documents/DashProject/pico-sdk/lib/tinyusb/src/device/usbd.c.o
                0x10003cec                usbd_edpt_claim
 .text.usbd_edpt_release
                0x10003d14       0x28 CMakeFiles/ethanol_node.dir/Users/openinvite/Documents/DashProject/pico-sdk/lib/tinyusb/src/device/usbd.c.o
                0x10003d14                usbd_edpt_release
 .text.usbd_edpt_xfer
                0x10003d3c       0x50 CMakeFiles/ethanol_node.dir/Users/openinvite/Documents/DashProject/pico-sdk/lib/tinyusb/src/device/usbd.c.o
                0x10003d3c                usbd_edpt_xfer
 .text.tud_control_status
                0x10003d8c       0x2c CMakeFiles/ethanol_node.dir/Users/openinvite/Documents/DashProject/pico-sdk/lib/tinyusb/src/device/usbd_control.c.o
                0x10003d8c                tud_control_status
 .text.tud_control_xfer
                0x10003db8       0xa0 CMakeFiles/ethanol_node.dir/Users/openinvite/Documents/DashProject/pico-sdk/lib/tinyusb/src/device/usbd_control.c.o
                0x10003db8                tud_control_xfer
 .text.usbd_control_reset
                0x10003e58       0x14 CMakeFiles/ethanol_node.dir/Users/openinvite/Documents/DashProject/pico-sdk/lib/tinyusb/src/device/usbd_control.c.o
                0x10003e58                usbd_control_reset
 .text.usbd_control_set_complete_callback
                0x10003e6c        0xc CMakeFiles/ethanol_node.dir/Users/openinvite/Documents/DashProject/pico-sdk/lib/tinyusb/src/device/usbd_control.c.o
                0x10003e6c                usbd_control_set_complete_callback
 .text.usbd_control_set_request
                0x10003e78       0x1c CMakeFiles/ethanol_node.dir/Users/openinvite/Documents/DashProject/pico-sdk/lib/tinyusb/src/device/usbd_control.c.o
                0x10003e78                usbd_control_set_request
 .text.usbd_control_xfer_cb
                0x10003e94       0xe8 CMakeFiles/ethanol_node.dir/Users/openinvite/Documents/DashProject/pico-sdk/lib/tinyusb/src/device/usbd_control.c.o
                0x10003e94                usbd_control_xfer_cb
 .text._prep_out_transaction.isra.0
                0x10003f7c       0x6c CMakeFiles/ethanol_node.dir/Users/openinvite/Documents/DashProject/pico-sdk/lib/tinyusb/src/class/cdc/cdc_device.c.o
 .text.tud_cdc_n_connected
                0x10003fe8       0x2c CMakeFiles/ethanol_node.dir/Users/openinvite/Documents/DashProject/pico-sdk/lib/tinyusb/src/class/cdc/cdc_device.c.o
                0x10003fe8                tud_cdc_n_connected
 .text.tud_cdc_n_available
                0x10004014       0x14 CMakeFiles/ethanol_node.dir/Users/openinvite/Documents/DashProject/pico-sdk/lib/tinyusb/src/class/cdc/cdc_device.c.o
                0x10004014                tud_cdc_n_available
 .text.tud_cdc_n_read
                0x10004028       0x88 CMakeFiles/ethanol_node.dir/Users/openinvite/Documents/DashProject/pico-sdk/lib/tinyusb/src/class/cdc/cdc_device.c.o
                0x10004028                tud_cdc_n_read
 .text.tud_cdc_n_write_flush
                0x100040b0       0x78 CMakeFiles/ethanol_node.dir/Users/openinvite/Documents/DashProject/pico-sdk/lib/tinyusb/src/class/cdc/cdc_device.c.o
                0x100040b0                tud_cdc_n_write_flush
 .text.tud_cdc_n_write
                0x10004128       0x40 CMakeFiles/ethanol_node.dir/Users/openinvite/Documents/DashProject/pico-sdk/lib/tinyusb/src/class/cdc/cdc_device.c.o
                0x10004128                tud_cdc_n_write
 .text.tud_cdc_n_write_available
                0x10004168       0x14 CMakeFiles/ethanol_node.dir/Users/openinvite/Documents/DashProject/pico-sdk/lib/tinyusb/src/class/cdc/cdc_device.c.o
                0x10004168                tud_cdc_n_write_available
 .text.cdcd_init
                0x1000417c       0x70 CMakeFiles/ethanol_node.dir/Users/openinvite/Documents/DashProject/pico-sdk/lib/tinyusb/src/class/cdc/cdc_device.c.o
                0x1000417c                cdcd_init
 .text.cdcd_deinit
                0x100041ec       0x30 CMakeFiles/ethanol_node.dir/Users/openinvite/Documents/DashProject/pico-sdk/lib/tinyusb/src/class/cdc/cdc_device.c.o
                0x100041ec                cdcd_deinit
 .text.cdcd_reset
                0x1000421c       0x48 CMakeFiles/ethanol_node.dir/Users/openinvite/Documents/DashProject/pico-sdk/lib/tinyusb/src/class/cdc/cdc_device.c.o
                0x1000421c                cdcd_reset
 .text.cdcd_open
                0x10004264       0xa8 CMakeFiles/ethanol_node.dir/Users/openinvite/Documents/DashProject/pico-sdk/lib/tinyusb/src/class/cdc/cdc_device.c.o
                0x10004264                cdcd_open
 .text.cdcd_control_xfer_cb
                0x1000430c       0xf0 CMakeFiles/ethanol_node.dir/Users/openinvite/Documents/DashProject/pico-sdk/lib/tinyusb/src/class/cdc/cdc_device.c.o
                0x1000430c                cdcd_control_xfer_cb
 .text.cdcd_xfer_cb
                0x100043fc       0xf8 CMakeFiles/ethanol_node.dir/Users/openinvite/Documents/DashProject/pico-sdk/lib/tinyusb/src/class/cdc/cdc_device.c.o
                0x100043fc                cdcd_xfer_cb
 .text.vendord_init
                0x100044f4       0x5c CMakeFiles/ethanol_node.dir/Users/openinvite/Documents/DashProject/pico-sdk/lib/tinyusb/src/class/vendor/vendor_device.c.o
                0x100044f4                vendord_init
 .text.vendord_deinit
                0x10004550       0x1c CMakeFiles/ethanol_node.dir/Users/openinvite/Documents/DashProject/pico-sdk/lib/tinyusb/src/class/vendor/vendor_device.c.o
                0x10004550                vendord_deinit
 .text.vendord_reset
                0x1000456c       0x28 CMakeFiles/ethanol_node.dir/Users/openinvite/Documents/DashProject/pico-sdk/lib/tinyusb/src/class/vendor/vendor_device.c.o
                0x1000456c                vendord_reset
 .text.vendord_open
                0x10004594      0x104 CMakeFiles/ethanol_node.dir/Users/openinvite/Documents/DashProject/pico-sdk/lib/tinyusb/src/class/vendor/vendor_device.c.o
                0x10004594                vendord_open
 .text.vendord_xfer_cb
                0x10004698       0xa0 CMakeFiles/ethanol_node.dir/Users/openinvite/Documents/DashProject/pico-sdk/lib/tinyusb/src/class/vendor/vendor_device.c.o
                0x10004698                vendord_xfer_cb
 .text.tusb_rhport_init
                0x10004738       0x4c CMakeFiles/ethanol_node.dir/Users/openinvite/Documents/DashProject/pico-sdk/lib/tinyusb/src/tusb.c.o
                0x10004738                tusb_rhport_init
 .text.tu_edpt_claim
                0x10004784       0x50 CMakeFiles/ethanol_node.dir/Users/openinvite/Documents/DashProject/pico-sdk/lib/tinyusb/src/tusb.c.o
                0x10004784                tu_edpt_claim
 .text.tu_edpt_release
                0x100047d4       0x38 CMakeFiles/ethanol_node.dir/Users/openinvite/Documents/DashProject/pico-sdk/lib/tinyusb/src/tusb.c.o
                0x100047d4                tu_edpt_release
 .text.tu_edpt_validate
                0x1000480c       0x74 CMakeFiles/ethanol_node.dir/Users/openinvite/Documents/DashProject/pico-sdk/lib/tinyusb/src/tusb.c.o
                0x1000480c                tu_edpt_validate
 .text.tu_edpt_bind_driver
                0x10004880       0x34 CMakeFiles/ethanol_node.dir/Users/openinvite/Documents/DashProject/pico-sdk/lib/tinyusb/src/tusb.c.o
                0x10004880                tu_edpt_bind_driver
 .text.tu_edpt_stream_init
                0x100048b4       0x68 CMakeFiles/ethanol_node.dir/Users/openinvite/Documents/DashProject/pico-sdk/lib/tinyusb/src/tusb.c.o
                0x100048b4                tu_edpt_stream_init
 .text.tu_edpt_stream_deinit
                0x1000491c        0x4 CMakeFiles/ethanol_node.dir/Users/openinvite/Documents/DashProject/pico-sdk/lib/tinyusb/src/tusb.c.o
                0x1000491c                tu_edpt_stream_deinit
 .text.tu_edpt_stream_write_zlp_if_needed
                0x10004920       0x64 CMakeFiles/ethanol_node.dir/Users/openinvite/Documents/DashProject/pico-sdk/lib/tinyusb/src/tusb.c.o
                0x10004920                tu_edpt_stream_write_zlp_if_needed
 .text.tu_edpt_stream_write_xfer
                0x10004984       0x6c CMakeFiles/ethanol_node.dir/Users/openinvite/Documents/DashProject/pico-sdk/lib/tinyusb/src/tusb.c.o
                0x10004984                tu_edpt_stream_write_xfer
 .text.tu_edpt_stream_read_xfer
                0x100049f0       0xd8 CMakeFiles/ethanol_node.dir/Users/openinvite/Documents/DashProject/pico-sdk/lib/tinyusb/src/tusb.c.o
                0x100049f0                tu_edpt_stream_read_xfer
 .text.tu_fifo_config
                0x10004ac8       0x6c CMakeFiles/ethanol_node.dir/Users/openinvite/Documents/DashProject/pico-sdk/lib/tinyusb/src/common/tusb_fifo.c.o
                0x10004ac8                tu_fifo_config
 .text.tu_fifo_count
                0x10004b34       0x2c CMakeFiles/ethanol_node.dir/Users/openinvite/Documents/DashProject/pico-sdk/lib/tinyusb/src/common/tusb_fifo.c.o
                0x10004b34                tu_fifo_count
 .text.tu_fifo_empty
                0x10004b60       0x10 CMakeFiles/ethanol_node.dir/Users/openinvite/Documents/DashProject/pico-sdk/lib/tinyusb/src/common/tusb_fifo.c.o
                0x10004b60                tu_fifo_empty
 .text.tu_fifo_remaining
                0x10004b70       0x2c CMakeFiles/ethanol_node.dir/Users/openinvite/Documents/DashProject/pico-sdk/lib/tinyusb/src/common/tusb_fifo.c.o
                0x10004b70                tu_fifo_remaining
 .text.tu_fifo_read
                0x10004b9c       0x9c CMakeFiles/ethanol_node.dir/Users/openinvite/Documents/DashProject/pico-sdk/lib/tinyusb/src/common/tusb_fifo.c.o
                0x10004b9c                tu_fifo_read
 .text.tu_fifo_read_n
                0x10004c38       0xec CMakeFiles/ethanol_node.dir/Users/openinvite/Documents/DashProject/pico-sdk/lib/tinyusb/src/common/tusb_fifo.c.o
                0x10004c38                tu_fifo_read_n
 .text.tu_fifo_write
                0x10004d24       0xa4 CMakeFiles/ethanol_node.dir/Users/openinvite/Documents/DashProject/pico-sdk/lib/tinyusb/src/common/tusb_fifo.c.o
                0x10004d24                tu_fifo_write
 .text.tu_fifo_write_n
                0x10004dc8      0x168 CMakeFiles/ethanol_node.dir/Users/openinvite/Documents/DashProject/pico-sdk/lib/tinyusb/src/common/tusb_fifo.c.o
                0x10004dc8                tu_fifo_write_n
 .text.tu_fifo_clear
                0x10004f30       0x40 CMakeFiles/ethanol_node.dir/Users/openinvite/Documents/DashProject/pico-sdk/lib/tinyusb/src/common/tusb_fifo.c.o
                0x10004f30                tu_fifo_clear
 .text.tu_fifo_set_overwritable
                0x10004f70       0x48 CMakeFiles/ethanol_node.dir/Users/openinvite/Documents/DashProject/pico-sdk/lib/tinyusb/src/common/tusb_fifo.c.o
                0x10004f70                tu_fifo_set_overwritable
 .text.i2c_write_blocking_internal.constprop.0
                0x10004fb8       0xd4 CMakeFiles/ethanol_node.dir/Users/openinvite/Documents/DashProject/pico-sdk/src/rp2_common/hardware_i2c/i2c.c.o
 .text.i2c_set_baudrate
                0x1000508c       0xb4 CMakeFiles/ethanol_node.dir/Users/openinvite/Documents/DashProject/pico-sdk/src/rp2_common/hardware_i2c/i2c.c.o
                0x1000508c                i2c_set_baudrate
 .text.i2c_init
                0x10005140       0x50 CMakeFiles/ethanol_node.dir/Users/openinvite/Documents/DashProject/pico-sdk/src/rp2_common/hardware_i2c/i2c.c.o
                0x10005140                i2c_init
 .text.i2c_write_blocking
                0x10005190       0x14 CMakeFiles/ethanol_node.dir/Users/openinvite/Documents/DashProject/pico-sdk/src/rp2_common/hardware_i2c/i2c.c.o
                0x10005190                i2c_write_blocking
 *fill*         0x100051a4        0xc 
 .text.vPortStartFirstTask
                0x100051b0       0x34 CMakeFiles/ethanol_node.dir/Users/openinvite/Documents/DashProject/FreeRTOS-Kernel/portable/ThirdParty/GCC/RP2040/port.c.o
 *fill*         0x100051e4        0xc 
 .text.xPortPendSVHandler
                0x100051f0       0x64 CMakeFiles/ethanol_node.dir/Users/openinvite/Documents/DashProject/FreeRTOS-Kernel/portable/ThirdParty/GCC/RP2040/port.c.o
                0x100051f0                xPortPendSVHandler
 .text.prvTaskExitError
                0x10005254        0x8 CMakeFiles/ethanol_node.dir/Users/openinvite/Documents/DashProject/FreeRTOS-Kernel/portable/ThirdParty/GCC/RP2040/port.c.o
 .text.prvFIFOInterruptHandler
                0x1000525c       0x78 CMakeFiles/ethanol_node.dir/Users/openinvite/Documents/DashProject/FreeRTOS-Kernel/portable/ThirdParty/GCC/RP2040/port.c.o
 .text.vPortSVCHandler
                0x100052d4        0x4 CMakeFiles/ethanol_node.dir/Users/openinvite/Documents/DashProject/FreeRTOS-Kernel/portable/ThirdParty/GCC/RP2040/port.c.o
                0x100052d4                vPortSVCHandler
 .text.pxPortInitialiseStack
                0x100052d8       0x20 CMakeFiles/ethanol_node.dir/Users/openinvite/Documents/DashProject/FreeRTOS-Kernel/portable/ThirdParty/GCC/RP2040/port.c.o
                0x100052d8                pxPortInitialiseStack
 .text.vPortYield
                0x100052f8       0x18 CMakeFiles/ethanol_node.dir/Users/openinvite/Documents/DashProject/FreeRTOS-Kernel/portable/ThirdParty/GCC/RP2040/port.c.o
                0x100052f8                vPortYield
 .text.vPortEnterCritical
                0x10005310       0x18 CMakeFiles/ethanol_node.dir/Users/openinvite/Documents/DashProject/FreeRTOS-Kernel/portable/ThirdParty/GCC/RP2040/port.c.o
                0x10005310                vPortEnterCritical
 .text.vPortExitCritical
                0x10005328       0x14 CMakeFiles/ethanol_node.dir/Users/openinvite/Documents/DashProject/FreeRTOS-Kernel/portable/ThirdParty/GCC/RP2040/port.c.o
                0x10005328                vPortExitCritical
 .text.ulSetInterruptMaskFromISR
                0x1000533c        0x8 CMakeFiles/ethanol_node.dir/Users/openinvite/Documents/DashProject/FreeRTOS-Kernel/portable/ThirdParty/GCC/RP2040/port.c.o
                0x1000533c                ulSetInterruptMaskFromISR
 .text.vClearInterruptMaskFromISR
                0x10005344        0x8 CMakeFiles/ethanol_node.dir/Users/openinvite/Documents/DashProject/FreeRTOS-Kernel/portable/ThirdParty/GCC/RP2040/port.c.o
                0x10005344                vClearInterruptMaskFromISR
 .text.xPortSysTickHandler
                0x1000534c       0x24 CMakeFiles/ethanol_node.dir/Users/openinvite/Documents/DashProject/FreeRTOS-Kernel/portable/ThirdParty/GCC/RP2040/port.c.o
                0x1000534c                xPortSysTickHandler
 .text.vPortSetupTimerInterrupt
                0x10005370       0x34 CMakeFiles/ethanol_node.dir/Users/openinvite/Documents/DashProject/FreeRTOS-Kernel/portable/ThirdParty/GCC/RP2040/port.c.o
                0x10005370                vPortSetupTimerInterrupt
 .text.xPortStartScheduler
                0x100053a4       0x9c CMakeFiles/ethanol_node.dir/Users/openinvite/Documents/DashProject/FreeRTOS-Kernel/portable/ThirdParty/GCC/RP2040/port.c.o
                0x100053a4                xPortStartScheduler
 .text.ulPortLockGetCurrentOwnerId
                0x10005440       0x2c CMakeFiles/ethanol_node.dir/Users/openinvite/Documents/DashProject/FreeRTOS-Kernel/portable/ThirdParty/GCC/RP2040/port.c.o
                0x10005440                ulPortLockGetCurrentOwnerId
 .text.vPortLockInternalSpinUnlockWithNotify
                0x1000546c       0xd0 CMakeFiles/ethanol_node.dir/Users/openinvite/Documents/DashProject/FreeRTOS-Kernel/portable/ThirdParty/GCC/RP2040/port.c.o
                0x1000546c                vPortLockInternalSpinUnlockWithNotify
 .text.xPortLockInternalSpinUnlockWithBestEffortWaitOrTimeout
                0x1000553c       0xf8 CMakeFiles/ethanol_node.dir/Users/openinvite/Documents/DashProject/FreeRTOS-Kernel/portable/ThirdParty/GCC/RP2040/port.c.o
                0x1000553c                xPortLockInternalSpinUnlockWithBestEffortWaitOrTimeout
 .text.startup.prvRuntimeInitializer
                0x10005634       0x28 CMakeFiles/ethanol_node.dir/Users/openinvite/Documents/DashProject/FreeRTOS-Kernel/portable/ThirdParty/GCC/RP2040/port.c.o
 .text.vEventGroupSetBitsCallback
                0x1000565c       0x90 CMakeFiles/ethanol_node.dir/Users/openinvite/Documents/DashProject/FreeRTOS-Kernel/event_groups.c.o
                0x1000565c                vEventGroupSetBitsCallback
 .text.xEventGroupCreate
                0x100056ec       0x18 CMakeFiles/ethanol_node.dir/Users/openinvite/Documents/DashProject/FreeRTOS-Kernel/event_groups.c.o
                0x100056ec                xEventGroupCreate
 .text.xEventGroupWaitBits
                0x10005704       0xb8 CMakeFiles/ethanol_node.dir/Users/openinvite/Documents/DashProject/FreeRTOS-Kernel/event_groups.c.o
                0x10005704                xEventGroupWaitBits
 .text.xEventGroupSetBits
                0x100057bc       0x94 CMakeFiles/ethanol_node.dir/Users/openinvite/Documents/DashProject/FreeRTOS-Kernel/event_groups.c.o
                0x100057bc                xEventGroupSetBits
 .text.xEventGroupSetBitsFromISR
                0x10005850       0x18 CMakeFiles/ethanol_node.dir/Users/openinvite/Documents/DashProject/FreeRTOS-Kernel/event_groups.c.o
                0x10005850                xEventGroupSetBitsFromISR
 .text.vListInitialise
                0x10005868       0x18 CMakeFiles/ethanol_node.dir/Users/openinvite/Documents/DashProject/FreeRTOS-Kernel/list.c.o
                0x10005868                vListInitialise
 .text.vListInitialiseItem
                0x10005880        0x8 CMakeFiles/ethanol_node.dir/Users/openinvite/Documents/DashProject/FreeRTOS-Kernel/list.c.o
                0x10005880                vListInitialiseItem
 .text.vListInsert
                0x10005888       0x34 CMakeFiles/ethanol_node.dir/Users/openinvite/Documents/DashProject/FreeRTOS-Kernel/list.c.o
                0x10005888                vListInsert
 .text.uxListRemove
                0x100058bc       0x20 CMakeFiles/ethanol_node.dir/Users/openinvite/Documents/DashProject/FreeRTOS-Kernel/list.c.o
                0x100058bc                uxListRemove
 .text.prvUnlockQueue
                0x100058dc      0x170 CMakeFiles/ethanol_node.dir/Users/openinvite/Documents/DashProject/FreeRTOS-Kernel/queue.c.o
 .text.prvNotifyQueueSetContainer
                0x10005a4c       0x90 CMakeFiles/ethanol_node.dir/Users/openinvite/Documents/DashProject/FreeRTOS-Kernel/queue.c.o
 .text.xQueueGenericCreate
                0x10005adc       0xa4 CMakeFiles/ethanol_node.dir/Users/openinvite/Documents/DashProject/FreeRTOS-Kernel/queue.c.o
                0x10005adc                xQueueGenericCreate
 .text.xQueueGenericSendFromISR
                0x10005b80      0x150 CMakeFiles/ethanol_node.dir/Users/openinvite/Documents/DashProject/FreeRTOS-Kernel/queue.c.o
                0x10005b80                xQueueGenericSendFromISR
 .text.xQueueReceive
                0x10005cd0      0x114 CMakeFiles/ethanol_node.dir/Users/openinvite/Documents/DashProject/FreeRTOS-Kernel/queue.c.o
                0x10005cd0                xQueueReceive
 .text.vQueueAddToRegistry
                0x10005de4      0x11c CMakeFiles/ethanol_node.dir/Users/openinvite/Documents/DashProject/FreeRTOS-Kernel/queue.c.o
                0x10005de4                vQueueAddToRegistry
 .text.vQueueWaitForMessageRestricted
                0x10005f00       0x48 CMakeFiles/ethanol_node.dir/Users/openinvite/Documents/DashProject/FreeRTOS-Kernel/queue.c.o
                0x10005f00                vQueueWaitForMessageRestricted
 .text.prvAddNewTaskToReadyList
                0x10005f48      0x120 CMakeFiles/ethanol_node.dir/Users/openinvite/Documents/DashProject/FreeRTOS-Kernel/tasks.c.o
 .text.vTaskSwitchContext.part.0
                0x10006068       0xa4 CMakeFiles/ethanol_node.dir/Users/openinvite/Documents/DashProject/FreeRTOS-Kernel/tasks.c.o
 .text.prvCreateTask
                0x1000610c      0x130 CMakeFiles/ethanol_node.dir/Users/openinvite/Documents/DashProject/FreeRTOS-Kernel/tasks.c.o
 .text.prvIdleTask
                0x1000623c       0x60 CMakeFiles/ethanol_node.dir/Users/openinvite/Documents/DashProject/FreeRTOS-Kernel/tasks.c.o
 .text.xTaskCreate
                0x1000629c       0x24 CMakeFiles/ethanol_node.dir/Users/openinvite/Documents/DashProject/FreeRTOS-Kernel/tasks.c.o
                0x1000629c                xTaskCreate
 .text.vTaskStartScheduler
                0x100062c0       0x74 CMakeFiles/ethanol_node.dir/Users/openinvite/Documents/DashProject/FreeRTOS-Kernel/tasks.c.o
                0x100062c0                vTaskStartScheduler
 .text.vTaskSuspendAll
                0x10006334       0x10 CMakeFiles/ethanol_node.dir/Users/openinvite/Documents/DashProject/FreeRTOS-Kernel/tasks.c.o
                0x10006334                vTaskSuspendAll
 .text.xTaskGetTickCount
                0x10006344        0xc CMakeFiles/ethanol_node.dir/Users/openinvite/Documents/DashProject/FreeRTOS-Kernel/tasks.c.o
                0x10006344                xTaskGetTickCount
 .text.uxTaskGetNumberOfTasks
                0x10006350        0xc CMakeFiles/ethanol_node.dir/Users/openinvite/Documents/DashProject/FreeRTOS-Kernel/tasks.c.o
                0x10006350                uxTaskGetNumberOfTasks
 .text.xTaskIncrementTick
                0x1000635c      0x1c8 CMakeFiles/ethanol_node.dir/Users/openinvite/Documents/DashProject/FreeRTOS-Kernel/tasks.c.o
                0x1000635c                xTaskIncrementTick
 .text.xTaskResumeAll
                0x10006524      0x168 CMakeFiles/ethanol_node.dir/Users/openinvite/Documents/DashProject/FreeRTOS-Kernel/tasks.c.o
                0x10006524                xTaskResumeAll
 .text.vTaskDelay
                0x1000668c       0x84 CMakeFiles/ethanol_node.dir/Users/openinvite/Documents/DashProject/FreeRTOS-Kernel/tasks.c.o
                0x1000668c                vTaskDelay
 .text.vTaskSwitchContext
                0x10006710       0x20 CMakeFiles/ethanol_node.dir/Users/openinvite/Documents/DashProject/FreeRTOS-Kernel/tasks.c.o
                0x10006710                vTaskSwitchContext
 .text.vTaskPlaceOnEventList
                0x10006730       0xa0 CMakeFiles/ethanol_node.dir/Users/openinvite/Documents/DashProject/FreeRTOS-Kernel/tasks.c.o
                0x10006730                vTaskPlaceOnEventList
 .text.vTaskPlaceOnUnorderedEventList
                0x100067d0       0xc4 CMakeFiles/ethanol_node.dir/Users/openinvite/Documents/DashProject/FreeRTOS-Kernel/tasks.c.o
                0x100067d0                vTaskPlaceOnUnorderedEventList
 .text.vTaskPlaceOnEventListRestricted
                0x10006894       0xfc CMakeFiles/ethanol_node.dir/Users/openinvite/Documents/DashProject/FreeRTOS-Kernel/tasks.c.o
                0x10006894                vTaskPlaceOnEventListRestricted
 .text.xTaskRemoveFromEventList
                0x10006990       0xdc CMakeFiles/ethanol_node.dir/Users/openinvite/Documents/DashProject/FreeRTOS-Kernel/tasks.c.o
                0x10006990                xTaskRemoveFromEventList
 .text.vTaskRemoveFromUnorderedEventList
                0x10006a6c       0x9c CMakeFiles/ethanol_node.dir/Users/openinvite/Documents/DashProject/FreeRTOS-Kernel/tasks.c.o
                0x10006a6c                vTaskRemoveFromUnorderedEventList
 .text.vTaskInternalSetTimeOutState
                0x10006b08       0x18 CMakeFiles/ethanol_node.dir/Users/openinvite/Documents/DashProject/FreeRTOS-Kernel/tasks.c.o
                0x10006b08                vTaskInternalSetTimeOutState
 .text.xTaskCheckForTimeOut
                0x10006b20       0x70 CMakeFiles/ethanol_node.dir/Users/openinvite/Documents/DashProject/FreeRTOS-Kernel/tasks.c.o
                0x10006b20                xTaskCheckForTimeOut
 .text.vTaskMissedYield
                0x10006b90        0xc CMakeFiles/ethanol_node.dir/Users/openinvite/Documents/DashProject/FreeRTOS-Kernel/tasks.c.o
                0x10006b90                vTaskMissedYield
 .text.xTaskGetCurrentTaskHandle
                0x10006b9c        0xc CMakeFiles/ethanol_node.dir/Users/openinvite/Documents/DashProject/FreeRTOS-Kernel/tasks.c.o
                0x10006b9c                xTaskGetCurrentTaskHandle
 .text.xTaskPriorityDisinherit
                0x10006ba8       0x64 CMakeFiles/ethanol_node.dir/Users/openinvite/Documents/DashProject/FreeRTOS-Kernel/tasks.c.o
                0x10006ba8                xTaskPriorityDisinherit
 .text.uxTaskResetEventItemValue
                0x10006c0c       0x18 CMakeFiles/ethanol_node.dir/Users/openinvite/Documents/DashProject/FreeRTOS-Kernel/tasks.c.o
                0x10006c0c                uxTaskResetEventItemValue
 .text.prvTimerTask
                0x10006c24      0x3ac CMakeFiles/ethanol_node.dir/Users/openinvite/Documents/DashProject/FreeRTOS-Kernel/timers.c.o
 .text.xTimerCreateTimerTask
                0x10006fd0       0x8c CMakeFiles/ethanol_node.dir/Users/openinvite/Documents/DashProject/FreeRTOS-Kernel/timers.c.o
                0x10006fd0                xTimerCreateTimerTask
 .text.xTimerPendFunctionCallFromISR
                0x1000705c       0x2c CMakeFiles/ethanol_node.dir/Users/openinvite/Documents/DashProject/FreeRTOS-Kernel/timers.c.o
                0x1000705c                xTimerPendFunctionCallFromISR
 .text.exception_set_exclusive_handler
                0x10007088       0x48 CMakeFiles/ethanol_node.dir/Users/openinvite/Documents/DashProject/pico-sdk/src/rp2_common/hardware_exception/exception.c.o
                0x10007088                exception_set_exclusive_handler
 .text.pvPortMalloc
                0x100070d0      0x134 CMakeFiles/ethanol_node.dir/Users/openinvite/Documents/DashProject/FreeRTOS-Kernel/portable/MemMang/heap_4.c.o
                0x100070d0                pvPortMalloc
 .text.vPortFree
                0x10007204       0x9c CMakeFiles/ethanol_node.dir/Users/openinvite/Documents/DashProject/FreeRTOS-Kernel/portable/MemMang/heap_4.c.o
                0x10007204                vPortFree
 .text.strlen   0x100072a0       0x60 /Applications/ArmGNUToolchain/15.2.rel1/arm-none-eabi/bin/../lib/gcc/arm-none-eabi/15.2.1/../../../../arm-none-eabi/lib/thumb/v6-m/nofp/libg.a(libc_a-strlen-stub.o)
                0x100072a0                strlen
 *(.fini)
 .fini          0x10007300        0x4 /Applications/ArmGNUToolchain/15.2.rel1/arm-none-eabi/bin/../lib/gcc/arm-none-eabi/15.2.1/thumb/v6-m/nofp/crti.o
                0x10007300                _fini
 *fill*         0x10007304        0x4 
 .fini.__stub   0x10007308       0xc0 linker stubs
 *crtbegin.o(.ctors)
 *crtbegin?.o(.ctors)
 *(EXCLUDE_FILE(*crtend.o *crtend?.o) .ctors)
 *(SORT_BY_NAME(.ctors.*))
 *(.ctors)
 *crtbegin.o(.dtors)
 *crtbegin?.o(.dtors)
 *(EXCLUDE_FILE(*crtend.o *crtend?.o) .dtors)
 *(SORT_BY_NAME(.dtors.*))
 *(.dtors)
                0x100073c8                        . = ALIGN (0x4)
                0x100073c8                        PROVIDE (__preinit_array_start = .)
 *(SORT_BY_NAME(.preinit_array.*))
 .preinit_array.00100
                0x100073c8        0x4 CMakeFiles/ethanol_node.dir/Users/openinvite/Documents/DashProject/pico-sdk/src/rp2_common/pico_runtime_init/runtime_init.c.o
                0x100073c8                __pre_init_runtime_init_early_resets
 .preinit_array.00101
                0x100073cc        0x4 CMakeFiles/ethanol_node.dir/Users/openinvite/Documents/DashProject/pico-sdk/src/rp2_common/pico_runtime_init/runtime_init.c.o
                0x100073cc                __pre_init_runtime_init_usb_power_down
 .preinit_array.00275
                0x100073d0        0x4 CMakeFiles/ethanol_node.dir/Users/openinvite/Documents/DashProject/pico-sdk/src/rp2_common/pico_bit_ops/bit_ops_aeabi.S.o
 .preinit_array.00300
                0x100073d4        0x4 CMakeFiles/ethanol_node.dir/Users/openinvite/Documents/DashProject/pico-sdk/src/rp2_common/pico_mem_ops/mem_ops_aeabi.S.o
 .preinit_array.00350
                0x100073d8        0x4 CMakeFiles/ethanol_node.dir/Users/openinvite/Documents/DashProject/pico-sdk/src/rp2_common/pico_double/double_aeabi_rp2040.S.o
 .preinit_array.00350
                0x100073dc        0x4 CMakeFiles/ethanol_node.dir/Users/openinvite/Documents/DashProject/pico-sdk/src/rp2_common/pico_float/float_aeabi_rp2040.S.o
 .preinit_array.00500
                0x100073e0        0x4 CMakeFiles/ethanol_node.dir/Users/openinvite/Documents/DashProject/pico-sdk/src/rp2_common/pico_runtime_init/runtime_init.c.o
                0x100073e0                __pre_init_runtime_init_clocks
 .preinit_array.00600
                0x100073e4        0x4 CMakeFiles/ethanol_node.dir/Users/openinvite/Documents/DashProject/pico-sdk/src/rp2_common/pico_runtime_init/runtime_init.c.o
                0x100073e4                __pre_init_runtime_init_post_clock_resets
 .preinit_array.00700
                0x100073e8        0x4 CMakeFiles/ethanol_node.dir/Users/openinvite/Documents/DashProject/pico-sdk/src/rp2_common/pico_runtime_init/runtime_init.c.o
                0x100073e8                __pre_init_runtime_init_rp2040_gpio_ie_disable
 .preinit_array.01000
                0x100073ec        0x4 CMakeFiles/ethanol_node.dir/Users/openinvite/Documents/DashProject/pico-sdk/src/rp2_common/pico_runtime_init/runtime_init.c.o
                0x100073ec                __pre_init_runtime_init_spin_locks_reset
 .preinit_array.01100
                0x100073f0        0x4 CMakeFiles/ethanol_node.dir/Users/openinvite/Documents/DashProject/pico-sdk/src/common/pico_sync/mutex.c.o
                0x100073f0                __pre_init_runtime_init_mutex
 .preinit_array.10080
                0x100073f4        0x4 CMakeFiles/ethanol_node.dir/Users/openinvite/Documents/DashProject/pico-sdk/src/rp2_common/pico_runtime_init/runtime_init.c.o
                0x100073f4                __pre_init_runtime_init_install_ram_vector_table
 .preinit_array.11000
                0x100073f8        0x4 CMakeFiles/ethanol_node.dir/Users/openinvite/Documents/DashProject/pico-sdk/src/common/pico_time/time.c.o
                0x100073f8                __pre_init_runtime_init_default_alarm_pool
 .preinit_array.YYYYY
                0x100073fc        0x4 CMakeFiles/ethanol_node.dir/Users/openinvite/Documents/DashProject/pico-sdk/src/rp2_common/pico_runtime/runtime.c.o
                0x100073fc                __pre_init_first_per_core_initializer
 .preinit_array.ZZZZZ.01200
                0x10007400        0x4 CMakeFiles/ethanol_node.dir/Users/openinvite/Documents/DashProject/pico-sdk/src/rp2_common/hardware_irq/irq.c.o
                0x10007400                __pre_init_runtime_init_per_core_irq_priorities
 *(.preinit_array)
                0x10007404                        PROVIDE (__preinit_array_end = .)
                0x10007404                        . = ALIGN (0x4)
                0x10007404                        PROVIDE (__init_array_start = .)
 *(SORT_BY_NAME(.init_array.*))
 .init_array.01000
                0x10007404        0x4 CMakeFiles/ethanol_node.dir/Users/openinvite/Documents/DashProject/pico-sdk/src/rp2_common/pico_unique_id/unique_id.c.o
 *(.init_array)
 .init_array    0x10007408        0x4 /Applications/ArmGNUToolchain/15.2.rel1/arm-none-eabi/bin/../lib/gcc/arm-none-eabi/15.2.1/thumb/v6-m/nofp/crtbegin.o
 .init_array    0x1000740c        0x4 CMakeFiles/ethanol_node.dir/Users/openinvite/Documents/DashProject/FreeRTOS-Kernel/portable/ThirdParty/GCC/RP2040/port.c.o
                0x10007410                        PROVIDE (__init_array_end = .)
                0x10007410                        . = ALIGN (0x4)
                [!provide]                        PROVIDE (__fini_array_start = .)
 *(SORT_BY_NAME(.fini_array.*))
 *(.fini_array)
                [!provide]                        PROVIDE (__fini_array_end = .)
 *(.eh_frame*)
 .eh_frame      0x10007410        0x0 /Applications/ArmGNUToolchain/15.2.rel1/arm-none-eabi/bin/../lib/gcc/arm-none-eabi/15.2.1/thumb/v6-m/nofp/crtbegin.o
                0x10007410                        . = ALIGN (0x4)

.glue_7         0x10007410        0x0
 .glue_7        0x10007410        0x0 linker stubs

.glue_7t        0x10007410        0x0
 .glue_7t       0x10007410        0x0 linker stubs

.vfp11_veneer   0x10007410        0x0
 .vfp11_veneer  0x10007410        0x0 linker stubs

.v4_bx          0x10007410        0x0
 .v4_bx         0x10007410        0x0 linker stubs

.iplt           0x10007410        0x0
 .iplt          0x10007410        0x0 /Applications/ArmGNUToolchain/15.2.rel1/arm-none-eabi/bin/../lib/gcc/arm-none-eabi/15.2.1/thumb/v6-m/nofp/crtbegin.o

.rodata         0x10007410      0x4a8
 *(EXCLUDE_FILE(*libm.a: *libc.a:*lib_a-mem*.o *libgcc.a:) .rodata*)
 .rodata.main.str1.4
                0x10007410      0x1c4 CMakeFiles/ethanol_node.dir/main.c.o
                                 0x1c (size before relaxing)
 .rodata.panic.str1.4
                0x100075d4        0x0 CMakeFiles/ethanol_node.dir/Users/openinvite/Documents/DashProject/pico-sdk/src/rp2_common/pico_platform_panic/panic.c.o
                                 0x12 (size before relaxing)
 .rodata.panic_unsupported.str1.4
                0x100075d4        0x0 CMakeFiles/ethanol_node.dir/Users/openinvite/Documents/DashProject/pico-sdk/src/rp2_common/pico_platform_panic/panic.c.o
                                  0xe (size before relaxing)
 .rodata.spin_lock_claim_unused.str1.4
                0x100075d4        0x0 CMakeFiles/ethanol_node.dir/Users/openinvite/Documents/DashProject/pico-sdk/src/rp2_common/hardware_sync/sync.c.o
                                 0x1b (size before relaxing)
 .rodata.user_irq_claim_unused.str1.4
                0x100075d4        0x0 CMakeFiles/ethanol_node.dir/Users/openinvite/Documents/DashProject/pico-sdk/src/rp2_common/hardware_irq/irq.c.o
                                 0x1b (size before relaxing)
 .rodata.timer_hardware_alarm_claim.str1.4
                0x100075d4        0x0 CMakeFiles/ethanol_node.dir/Users/openinvite/Documents/DashProject/pico-sdk/src/rp2_common/hardware_timer/timer.c.o
                                 0x22 (size before relaxing)
 .rodata.hard_assertion_failure.str1.4
                0x100075d4        0x0 CMakeFiles/ethanol_node.dir/Users/openinvite/Documents/DashProject/pico-sdk/src/rp2_common/pico_runtime/runtime.c.o
                                  0xc (size before relaxing)
 .rodata.missing_double_func_shim.str1.4
                0x100075d4        0x0 CMakeFiles/ethanol_node.dir/Users/openinvite/Documents/DashProject/pico-sdk/src/rp2_common/pico_double/double_init_rom_rp2040.c.o
                                 0x18 (size before relaxing)
 .rodata.missing_float_func_shim.str1.4
                0x100075d4        0x0 CMakeFiles/ethanol_node.dir/Users/openinvite/Documents/DashProject/pico-sdk/src/rp2_common/pico_float/float_init_rom_rp2040.c.o
                                  0x1 (size before relaxing)
 .rodata.str1.4
                0x100075d4        0x0 CMakeFiles/ethanol_node.dir/Users/openinvite/Documents/DashProject/pico-sdk/src/rp2_common/pico_standard_binary_info/standard_binary_info.c.o
                                 0x58 (size before relaxing)
 .rodata.__bi_84
                0x100075d4        0xc CMakeFiles/ethanol_node.dir/Users/openinvite/Documents/DashProject/pico-sdk/src/rp2_common/pico_standard_binary_info/standard_binary_info.c.o
 .rodata.__bi_78
                0x100075e0        0xc CMakeFiles/ethanol_node.dir/Users/openinvite/Documents/DashProject/pico-sdk/src/rp2_common/pico_standard_binary_info/standard_binary_info.c.o
 .rodata.__bi_54
                0x100075ec        0xc CMakeFiles/ethanol_node.dir/Users/openinvite/Documents/DashProject/pico-sdk/src/rp2_common/pico_standard_binary_info/standard_binary_info.c.o
 .rodata.__bi_48
                0x100075f8        0xc CMakeFiles/ethanol_node.dir/Users/openinvite/Documents/DashProject/pico-sdk/src/rp2_common/pico_standard_binary_info/standard_binary_info.c.o
 .rodata.__bi_42
                0x10007604        0xc CMakeFiles/ethanol_node.dir/Users/openinvite/Documents/DashProject/pico-sdk/src/rp2_common/pico_standard_binary_info/standard_binary_info.c.o
 .rodata.__bi_34
                0x10007610        0xc CMakeFiles/ethanol_node.dir/Users/openinvite/Documents/DashProject/pico-sdk/src/rp2_common/pico_standard_binary_info/standard_binary_info.c.o
 .rodata.__bi_26
                0x1000761c        0xc CMakeFiles/ethanol_node.dir/Users/openinvite/Documents/DashProject/pico-sdk/src/rp2_common/pico_standard_binary_info/standard_binary_info.c.o
 .rodata.crlf_str.0
                0x10007628        0x2 CMakeFiles/ethanol_node.dir/Users/openinvite/Documents/DashProject/pico-sdk/src/rp2_common/pico_stdio/stdio.c.o
 *fill*         0x1000762a        0x2 
 .rodata._resetd_driver
                0x1000762c       0x20 CMakeFiles/ethanol_node.dir/Users/openinvite/Documents/DashProject/pico-sdk/src/rp2_common/pico_stdio_usb/reset_interface.c.o
 .rodata.desc_ms_os_20
                0x1000764c       0xa6 CMakeFiles/ethanol_node.dir/Users/openinvite/Documents/DashProject/pico-sdk/src/rp2_common/pico_stdio_usb/reset_interface.c.o
 *fill*         0x100076f2        0x2 
 .rodata.desc_bos
                0x100076f4       0x21 CMakeFiles/ethanol_node.dir/Users/openinvite/Documents/DashProject/pico-sdk/src/rp2_common/pico_stdio_usb/reset_interface.c.o
                0x100076f4                desc_bos
 .rodata.str1.4
                0x10007715        0x0 CMakeFiles/ethanol_node.dir/Users/openinvite/Documents/DashProject/pico-sdk/src/rp2_common/pico_stdio_usb/stdio_usb.c.o
                                 0x13 (size before relaxing)
 *fill*         0x10007715        0x3 
 .rodata.__bi_202.0
                0x10007718        0xc CMakeFiles/ethanol_node.dir/Users/openinvite/Documents/DashProject/pico-sdk/src/rp2_common/pico_stdio_usb/stdio_usb.c.o
 .rodata.str1.4
                0x10007724        0x0 CMakeFiles/ethanol_node.dir/Users/openinvite/Documents/DashProject/pico-sdk/src/rp2_common/pico_stdio_usb/stdio_usb_descriptors.c.o
                                 0x2a (size before relaxing)
 .rodata.usbd_desc_str
                0x10007724       0x18 CMakeFiles/ethanol_node.dir/Users/openinvite/Documents/DashProject/pico-sdk/src/rp2_common/pico_stdio_usb/stdio_usb_descriptors.c.o
 .rodata.usbd_desc_cfg
                0x1000773c       0x54 CMakeFiles/ethanol_node.dir/Users/openinvite/Documents/DashProject/pico-sdk/src/rp2_common/pico_stdio_usb/stdio_usb_descriptors.c.o
 .rodata.usbd_desc_device
                0x10007790       0x12 CMakeFiles/ethanol_node.dir/Users/openinvite/Documents/DashProject/pico-sdk/src/rp2_common/pico_stdio_usb/stdio_usb_descriptors.c.o
 .rodata.str1.4
                0x100077a2        0x0 CMakeFiles/ethanol_node.dir/Users/openinvite/Documents/DashProject/pico-sdk/lib/tinyusb/src/portable/raspberrypi/rp2040/dcd_rp2040.c.o
                                 0x14 (size before relaxing)
 .rodata.str1.4
                0x100077a2        0x0 CMakeFiles/ethanol_node.dir/Users/openinvite/Documents/DashProject/pico-sdk/lib/tinyusb/src/portable/raspberrypi/rp2040/rp2040_usb.c.o
                                 0x48 (size before relaxing)
 *fill*         0x100077a2        0x2 
 .rodata.tud_task_ext
                0x100077a4       0x8c CMakeFiles/ethanol_node.dir/Users/openinvite/Documents/DashProject/pico-sdk/lib/tinyusb/src/device/usbd.c.o
 .rodata        0x10007830       0x1c CMakeFiles/ethanol_node.dir/Users/openinvite/Documents/DashProject/pico-sdk/lib/tinyusb/src/device/usbd.c.o
 .rodata._usbd_driver
                0x1000784c       0x40 CMakeFiles/ethanol_node.dir/Users/openinvite/Documents/DashProject/pico-sdk/lib/tinyusb/src/device/usbd.c.o
 .rodata.uxTopUsedPriority
                0x1000788c        0x4 CMakeFiles/ethanol_node.dir/Users/openinvite/Documents/DashProject/FreeRTOS-Kernel/tasks.c.o
 .rodata.prvTimerTask
                0x10007890       0x28 CMakeFiles/ethanol_node.dir/Users/openinvite/Documents/DashProject/FreeRTOS-Kernel/timers.c.o
 .rodata.xTimerCreateTimerTask.str1.4
                0x100078b8        0x0 CMakeFiles/ethanol_node.dir/Users/openinvite/Documents/DashProject/FreeRTOS-Kernel/timers.c.o
                                 0x10 (size before relaxing)
                0x100078b8                        . = ALIGN (0x4)
 *(SORT_BY_ALIGNMENT(SORT_BY_NAME(.flashdata*)))
                0x100078b8                        . = ALIGN (0x4)

.ARM.extab
 *(.ARM.extab* .gnu.linkonce.armextab.*)
                0x100078b8                        __exidx_start = .

.ARM.exidx
 *(.ARM.exidx* .gnu.linkonce.armexidx.*)
                0x100078b8                        __exidx_end = .
                0x100078b8                        . = ALIGN (0x4)
                0x100078b8                        __binary_info_start = .

.binary_info    0x100078b8       0x20
 *(.binary_info.keep.*)
 .binary_info.keep.__bi_ptr84
                0x100078b8        0x4 CMakeFiles/ethanol_node.dir/Users/openinvite/Documents/DashProject/pico-sdk/src/rp2_common/pico_standard_binary_info/standard_binary_info.c.o
 .binary_info.keep.__bi_ptr78
                0x100078bc        0x4 CMakeFiles/ethanol_node.dir/Users/openinvite/Documents/DashProject/pico-sdk/src/rp2_common/pico_standard_binary_info/standard_binary_info.c.o
 .binary_info.keep.__bi_ptr54
                0x100078c0        0x4 CMakeFiles/ethanol_node.dir/Users/openinvite/Documents/DashProject/pico-sdk/src/rp2_common/pico_standard_binary_info/standard_binary_info.c.o
 .binary_info.keep.__bi_ptr48
                0x100078c4        0x4 CMakeFiles/ethanol_node.dir/Users/openinvite/Documents/DashProject/pico-sdk/src/rp2_common/pico_standard_binary_info/standard_binary_info.c.o
 .binary_info.keep.__bi_ptr42
                0x100078c8        0x4 CMakeFiles/ethanol_node.dir/Users/openinvite/Documents/DashProject/pico-sdk/src/rp2_common/pico_standard_binary_info/standard_binary_info.c.o
 .binary_info.keep.__bi_ptr34
                0x100078cc        0x4 CMakeFiles/ethanol_node.dir/Users/openinvite/Documents/DashProject/pico-sdk/src/rp2_common/pico_standard_binary_info/standard_binary_info.c.o
 .binary_info.keep.__bi_ptr26
                0x100078d0        0x4 CMakeFiles/ethanol_node.dir/Users/openinvite/Documents/DashProject/pico-sdk/src/rp2_common/pico_standard_binary_info/standard_binary_info.c.o
 *(.binary_info.*)
 .binary_info.__bi_ptr202
                0x100078d4        0x4 CMakeFiles/ethanol_node.dir/Users/openinvite/Documents/DashProject/pico-sdk/src/rp2_common/pico_stdio_usb/stdio_usb.c.o
                0x100078d8                        __binary_info_end = .
                0x100078d8                        . = ALIGN (0x4)

.ram_vector_table
                0x20000000       0xc0
 *(.ram_vector_table)
 .ram_vector_table
                0x20000000       0xc0 CMakeFiles/ethanol_node.dir/Users/openinvite/Documents/DashProject/pico-sdk/src/rp2_common/pico_runtime_init/runtime_init.c.o
                0x20000000                ram_vector_table

.uninitialized_data
                0x200000c0        0x0
                0x200000c0                        . = ALIGN (0x4)
 *(.uninitialized_data*)

.data           0x200000c0      0xfbc load address 0x100078d8
                0x200000c0                        __data_start__ = .
 *(vtable)
 *(.time_critical*)
 .time_critical.mutex_try_enter
                0x200000c0       0x40 CMakeFiles/ethanol_node.dir/Users/openinvite/Documents/DashProject/pico-sdk/src/common/pico_sync/mutex.c.o
                0x200000c0                mutex_try_enter
 .time_critical.mutex_try_enter_block_until
                0x20000100       0x9c CMakeFiles/ethanol_node.dir/Users/openinvite/Documents/DashProject/pico-sdk/src/common/pico_sync/mutex.c.o
                0x20000100                mutex_try_enter_block_until
 .time_critical.mutex_enter_timeout_ms
                0x2000019c       0x74 CMakeFiles/ethanol_node.dir/Users/openinvite/Documents/DashProject/pico-sdk/src/common/pico_sync/mutex.c.o
                0x2000019c                mutex_enter_timeout_ms
 .time_critical.mutex_exit
                0x20000210       0x20 CMakeFiles/ethanol_node.dir/Users/openinvite/Documents/DashProject/pico-sdk/src/common/pico_sync/mutex.c.o
                0x20000210                mutex_exit
 .time_critical.flash_init_boot2_copyout
                0x20000230       0x30 CMakeFiles/ethanol_node.dir/Users/openinvite/Documents/DashProject/pico-sdk/src/rp2_common/hardware_flash/flash.c.o
 .time_critical.flash_enable_xip_via_boot2
                0x20000260        0xc CMakeFiles/ethanol_node.dir/Users/openinvite/Documents/DashProject/pico-sdk/src/rp2_common/hardware_flash/flash.c.o
 .time_critical.flash_save_hardware_state
                0x2000026c       0x20 CMakeFiles/ethanol_node.dir/Users/openinvite/Documents/DashProject/pico-sdk/src/rp2_common/hardware_flash/flash.c.o
 .time_critical.flash_restore_hardware_state
                0x2000028c       0x20 CMakeFiles/ethanol_node.dir/Users/openinvite/Documents/DashProject/pico-sdk/src/rp2_common/hardware_flash/flash.c.o
 .time_critical.flash_cs_force
                0x200002ac       0x38 CMakeFiles/ethanol_node.dir/Users/openinvite/Documents/DashProject/pico-sdk/src/rp2_common/hardware_flash/flash.c.o
 .time_critical.flash_do_cmd
                0x200002e4      0x124 CMakeFiles/ethanol_node.dir/Users/openinvite/Documents/DashProject/pico-sdk/src/rp2_common/hardware_flash/flash.c.o
                0x200002e4                flash_do_cmd
 .time_critical.reset_non_control_endpoints
                0x20000408       0x68 CMakeFiles/ethanol_node.dir/Users/openinvite/Documents/DashProject/pico-sdk/lib/tinyusb/src/portable/raspberrypi/rp2040/dcd_rp2040.c.o
 .time_critical.hw_handle_buff_status
                0x20000470       0x88 CMakeFiles/ethanol_node.dir/Users/openinvite/Documents/DashProject/pico-sdk/lib/tinyusb/src/portable/raspberrypi/rp2040/dcd_rp2040.c.o
 .time_critical.dcd_rp2040_irq
                0x200004f8      0x53c CMakeFiles/ethanol_node.dir/Users/openinvite/Documents/DashProject/pico-sdk/lib/tinyusb/src/portable/raspberrypi/rp2040/dcd_rp2040.c.o
 .time_critical.prepare_ep_buffer
                0x20000a34       0xc4 CMakeFiles/ethanol_node.dir/Users/openinvite/Documents/DashProject/pico-sdk/lib/tinyusb/src/portable/raspberrypi/rp2040/rp2040_usb.c.o
 .time_critical.sync_ep_buffer
                0x20000af8       0xa0 CMakeFiles/ethanol_node.dir/Users/openinvite/Documents/DashProject/pico-sdk/lib/tinyusb/src/portable/raspberrypi/rp2040/rp2040_usb.c.o
 .time_critical._hw_endpoint_xfer_sync
                0x20000b98       0x28 CMakeFiles/ethanol_node.dir/Users/openinvite/Documents/DashProject/pico-sdk/lib/tinyusb/src/portable/raspberrypi/rp2040/rp2040_usb.c.o
 .time_critical.e15_is_bulkin_ep
                0x20000bc0       0x28 CMakeFiles/ethanol_node.dir/Users/openinvite/Documents/DashProject/pico-sdk/lib/tinyusb/src/portable/raspberrypi/rp2040/rp2040_usb.c.o
 .time_critical.e15_is_critical_frame_period
                0x20000be8       0x30 CMakeFiles/ethanol_node.dir/Users/openinvite/Documents/DashProject/pico-sdk/lib/tinyusb/src/portable/raspberrypi/rp2040/rp2040_usb.c.o
 .time_critical.hw_endpoint_reset_transfer
                0x20000c18        0xc CMakeFiles/ethanol_node.dir/Users/openinvite/Documents/DashProject/pico-sdk/lib/tinyusb/src/portable/raspberrypi/rp2040/rp2040_usb.c.o
                0x20000c18                hw_endpoint_reset_transfer
 .time_critical._hw_endpoint_buffer_control_update32
                0x20000c24       0x50 CMakeFiles/ethanol_node.dir/Users/openinvite/Documents/DashProject/pico-sdk/lib/tinyusb/src/portable/raspberrypi/rp2040/rp2040_usb.c.o
                0x20000c24                _hw_endpoint_buffer_control_update32
 .time_critical.hw_endpoint_start_next_buffer
                0x20000c74       0x68 CMakeFiles/ethanol_node.dir/Users/openinvite/Documents/DashProject/pico-sdk/lib/tinyusb/src/portable/raspberrypi/rp2040/rp2040_usb.c.o
                0x20000c74                hw_endpoint_start_next_buffer
 .time_critical.hw_endpoint_xfer_continue
                0x20000cdc       0x40 CMakeFiles/ethanol_node.dir/Users/openinvite/Documents/DashProject/pico-sdk/lib/tinyusb/src/portable/raspberrypi/rp2040/rp2040_usb.c.o
                0x20000cdc                hw_endpoint_xfer_continue
 .time_critical.tinyusb
                0x20000d1c      0x1d8 CMakeFiles/ethanol_node.dir/Users/openinvite/Documents/DashProject/pico-sdk/lib/tinyusb/src/device/usbd.c.o
                0x20000d1c                dcd_event_handler
 *(.text*)
 .text          0x20000ef4        0x4 /Applications/ArmGNUToolchain/15.2.rel1/arm-none-eabi/bin/../lib/gcc/arm-none-eabi/15.2.1/thumb/v6-m/nofp/libgcc.a(_dvmd_tls.o)
                0x20000ef4                __aeabi_ldiv0
                0x20000ef4                __aeabi_idiv0
 .text.__stub   0x20000ef8       0xa0 linker stubs
                0x20000f98                        . = ALIGN (0x4)
 *(.rodata*)
                0x20000f98                        . = ALIGN (0x4)
 *(.data*)
 .data.striped_spin_lock_num
                0x20000f98        0x1 CMakeFiles/ethanol_node.dir/Users/openinvite/Documents/DashProject/pico-sdk/src/rp2_common/hardware_sync/sync.c.o
 *fill*         0x20000f99        0x3 
 .data          0x20000f9c       0x48 CMakeFiles/ethanol_node.dir/Users/openinvite/Documents/DashProject/pico-sdk/src/rp2_common/hardware_irq/irq_handler_chain.S.o
                0x20000f9c                irq_handler_chain_slots
                0x20000fcc                irq_handler_chain_first_slot
                0x20000fd6                irq_handler_chain_remove_tail
 .data.default_alarm_pool
                0x20000fe4       0x18 CMakeFiles/ethanol_node.dir/Users/openinvite/Documents/DashProject/pico-sdk/src/common/pico_time/time.c.o
 *fill*         0x20000ffc        0x4 
 .data.aeabi_bits_funcs
                0x20001000       0x10 CMakeFiles/ethanol_node.dir/Users/openinvite/Documents/DashProject/pico-sdk/src/rp2_common/pico_bit_ops/bit_ops_aeabi.S.o
                0x20001000                aeabi_bits_funcs
                0x20001010                aeabi_bits_funcs_end
 .data.aeabi_mem_funcs
                0x20001010       0x10 CMakeFiles/ethanol_node.dir/Users/openinvite/Documents/DashProject/pico-sdk/src/rp2_common/pico_mem_ops/mem_ops_aeabi.S.o
                0x20001010                aeabi_mem_funcs
                0x20001020                aeabi_mem_funcs_end
 .data.stdio_usb
                0x20001020       0x18 CMakeFiles/ethanol_node.dir/Users/openinvite/Documents/DashProject/pico-sdk/src/rp2_common/pico_stdio_usb/stdio_usb.c.o
                0x20001020                stdio_usb
 .data._usbd_qdef
                0x20001038       0x1c CMakeFiles/ethanol_node.dir/Users/openinvite/Documents/DashProject/pico-sdk/lib/tinyusb/src/device/usbd.c.o
                0x20001038                _usbd_qdef
 .data._usbd_rhport
                0x20001054        0x1 CMakeFiles/ethanol_node.dir/Users/openinvite/Documents/DashProject/pico-sdk/lib/tinyusb/src/device/usbd.c.o
 *fill*         0x20001055        0x3 
 .data.i2c1_inst
                0x20001058        0x8 CMakeFiles/ethanol_node.dir/Users/openinvite/Documents/DashProject/pico-sdk/src/rp2_common/hardware_i2c/i2c.c.o
                0x20001058                i2c1_inst
 .data.i2c0_inst
                0x20001060        0x8 CMakeFiles/ethanol_node.dir/Users/openinvite/Documents/DashProject/pico-sdk/src/rp2_common/hardware_i2c/i2c.c.o
                0x20001060                i2c0_inst
 .data.ucPrimaryCoreNum
                0x20001068        0x1 CMakeFiles/ethanol_node.dir/Users/openinvite/Documents/DashProject/FreeRTOS-Kernel/portable/ThirdParty/GCC/RP2040/port.c.o
                0x2000106c                        . = ALIGN (0x4)
 *fill*         0x20001069        0x3 
 *(.after_data.*)
                0x2000106c                        . = ALIGN (0x4)
                0x2000106c                        PROVIDE (__mutex_array_start = .)
 *(SORT_BY_NAME(.mutex_array.*))
 *(.mutex_array)
 .mutex_array   0x2000106c        0x8 CMakeFiles/ethanol_node.dir/Users/openinvite/Documents/DashProject/pico-sdk/src/rp2_common/pico_malloc/malloc.c.o
 .mutex_array   0x20001074        0x8 CMakeFiles/ethanol_node.dir/Users/openinvite/Documents/DashProject/pico-sdk/src/rp2_common/pico_stdio/stdio.c.o
                0x2000107c                        PROVIDE (__mutex_array_end = .)
                0x2000107c                        . = ALIGN (0x4)
 *(.jcr)
                0x2000107c                        . = ALIGN (0x4)

.tm_clone_table
                0x2000107c        0x0 load address 0x10008894
 .tm_clone_table
                0x2000107c        0x0 /Applications/ArmGNUToolchain/15.2.rel1/arm-none-eabi/bin/../lib/gcc/arm-none-eabi/15.2.1/thumb/v6-m/nofp/crtbegin.o
 .tm_clone_table
                0x2000107c        0x0 /Applications/ArmGNUToolchain/15.2.rel1/arm-none-eabi/bin/../lib/gcc/arm-none-eabi/15.2.1/thumb/v6-m/nofp/crtend.o

.igot.plt       0x2000107c        0x0 load address 0x10008894
 .igot.plt      0x2000107c        0x0 /Applications/ArmGNUToolchain/15.2.rel1/arm-none-eabi/bin/../lib/gcc/arm-none-eabi/15.2.1/thumb/v6-m/nofp/crtbegin.o

.tdata          0x2000107c        0x0 load address 0x10008894
                0x2000107c                        . = ALIGN (0x4)
 *(.tdata .tdata.* .gnu.linkonce.td.*)
                0x2000107c                        __tdata_end = .
                0x2000107c                        PROVIDE (__data_end__ = .)
                0x100078d8                        __etext = LOADADDR (.data)
